Archive member included because of file (symbol)

c:/program files (x86)/microchip/xc32/v1.31/bin/../lib/gcc/pic32mx/4.5.2/../../../../pic32mx/lib\libmchp_peripheral_32MX250F128D.a(osc_config_lib.o)
                              build/default/debug/main.o (OSCConfig)
c:/program files (x86)/microchip/xc32/v1.31/bin/../lib/gcc/pic32mx/4.5.2/../../../../pic32mx/lib\libmchp_peripheral_32MX250F128D.a(int_disable_interrupts_lib.o)
                              build/default/debug/main.o (INTDisableInterrupts)
c:/program files (x86)/microchip/xc32/v1.31/bin/../lib/gcc/pic32mx/4.5.2/../../../../pic32mx/lib\libmchp_peripheral_32MX250F128D.a(int_restore_interrupts_lib.o)
                              build/default/debug/main.o (INTRestoreInterrupts)
c:/program files (x86)/microchip/xc32/v1.31/bin/../lib/gcc/pic32mx/4.5.2/../../../../pic32mx/lib\libmchp_peripheral_32MX250F128D.a(spi_chn_close_lib.o)
                              build/default/debug/main.o (SpiChnClose)
c:/program files (x86)/microchip/xc32/v1.31/bin/../lib/gcc/pic32mx/4.5.2/../../../../pic32mx/lib\libmchp_peripheral_32MX250F128D.a(spi_chn_getc_lib.o)
                              build/default/debug/spi2.o (SpiChnGetC)
c:/program files (x86)/microchip/xc32/v1.31/bin/../lib/gcc/pic32mx/4.5.2/../../../../pic32mx/lib\libmchp_peripheral_32MX250F128D.a(spi_chn_open_lib.o)
                              build/default/debug/spi2.o (SpiChnOpen)
c:/program files (x86)/microchip/xc32/v1.31/bin/../lib/gcc/pic32mx/4.5.2/../../../../pic32mx/lib\libmchp_peripheral_32MX250F128D.a(spi_chn_putc_lib.o)
                              build/default/debug/spi2.o (SpiChnPutC)
c:/program files (x86)/microchip/xc32/v1.31/bin/../lib/gcc/pic32mx/4.5.2/../../../../pic32mx/lib\libmchp_peripheral_32MX250F128D.a(spi_chn_is_busy_lib.o)
                              build/default/debug/spi2.o (SpiChnIsBusy)
c:/program files (x86)/microchip/xc32/v1.31/bin/../lib/gcc/pic32mx/4.5.2/../../../../pic32mx/lib\libmchp_peripheral_32MX250F128D.a(spi_map_tbl_libp.o)
                              c:/program files (x86)/microchip/xc32/v1.31/bin/../lib/gcc/pic32mx/4.5.2/../../../../pic32mx/lib\libmchp_peripheral_32MX250F128D.a(spi_chn_close_lib.o) (_SpiMapTbl)
c:/program files (x86)/microchip/xc32/v1.31/bin/../lib/gcc/pic32mx/4.5.2/../../../../pic32mx/lib\libmchp_peripheral_32MX250F128D.a(port_set_pins_digital_in_lib.o)
                              build/default/debug/main.o (PORTSetPinsDigitalIn)
c:/program files (x86)/microchip/xc32/v1.31/bin/../lib/gcc/pic32mx/4.5.2/../../../../pic32mx/lib\libmchp_peripheral_32MX250F128D.a(port_set_pins_digital_out_lib.o)
                              build/default/debug/main.o (PORTSetPinsDigitalOut)
c:/program files (x86)/microchip/xc32/v1.31/bin/../lib/gcc/pic32mx/4.5.2/../../../../pic32mx/lib\libmchp_peripheral_32MX250F128D.a(port_read_bits_lib.o)
                              build/default/debug/main.o (PORTReadBits)
c:/program files (x86)/microchip/xc32/v1.31/bin/../lib/gcc/pic32mx/4.5.2/../../../../pic32mx/lib\libmchp_peripheral_32MX250F128D.a(port_clear_bits_lib.o)
                              build/default/debug/spi2.o (PORTClearBits)
c:/program files (x86)/microchip/xc32/v1.31/bin/../lib/gcc/pic32mx/4.5.2/../../../../pic32mx/lib\libmchp_peripheral_32MX250F128D.a(port_set_bits_lib.o)
                              build/default/debug/spi2.o (PORTSetBits)
c:/program files (x86)/microchip/xc32/v1.31/bin/../lib/gcc/pic32mx/4.5.2/../../../../pic32mx/lib\libmchp_peripheral_32MX250F128D.a(_ports_tbl_libp.o)
                              c:/program files (x86)/microchip/xc32/v1.31/bin/../lib/gcc/pic32mx/4.5.2/../../../../pic32mx/lib\libmchp_peripheral_32MX250F128D.a(port_set_pins_digital_in_lib.o) (PortRegTbl)
c:/program files (x86)/microchip/xc32/v1.31/bin/../lib/gcc/pic32mx/4.5.2/../../../../pic32mx/lib\libmchp_peripheral_32MX250F128D.a(int_tbl_lib.o)
                              c:/program files (x86)/microchip/xc32/v1.31/bin/../lib/gcc/pic32mx/4.5.2/../../../../pic32mx/lib\libmchp_peripheral_32MX250F128D.a(spi_chn_close_lib.o) (INTClearFlag)
c:/program files (x86)/microchip/xc32/v1.31/bin/../lib/gcc/pic32mx/4.5.2/../../../../pic32mx/lib\libpic32.a(memcpy.o)
                              build/default/debug/main.o (memcpy)
c:/program files (x86)/microchip/xc32/v1.31/bin/../lib/gcc/pic32mx/4.5.2/../../../../pic32mx/lib\libpic32.a(default-bootstrap-exception-handler.o)
                              c:/program files (x86)/microchip/xc32/v1.31/bin/../lib/gcc/pic32mx/4.5.2/../../../../pic32mx/lib/./proc/32MX250F128D/crt0_mips32r2.o (_bootstrap_exception_handler)
c:/program files (x86)/microchip/xc32/v1.31/bin/../lib/gcc/pic32mx/4.5.2/../../../../pic32mx/lib\libpic32.a(default-on-reset.o)
                              c:/program files (x86)/microchip/xc32/v1.31/bin/../lib/gcc/pic32mx/4.5.2/../../../../pic32mx/lib/./proc/32MX250F128D/crt0_mips32r2.o (_on_reset)
[...]
Memory Configuration

Name             Origin             Length             Attributes
kseg0_program_mem 0x9d000000         0x0001f000         xr
exception_mem    0x9d01f000         0x00001000
debug_exec_mem   0x9fc00490         0x00000760
kseg0_boot_mem   0x9fc00490         0x00000000
kseg1_boot_mem   0xbfc00000         0x00000490
config3          0xbfc00bf0         0x00000004
config2          0xbfc00bf4         0x00000004
config1          0xbfc00bf8         0x00000004
config0          0xbfc00bfc         0x00000004
kseg1_data_mem   0xa0000000         0x00008000         w !x
sfrs             0xbf800000         0x00100000
configsfrs       0xbfc00bf0         0x00000010
*default*        0x00000000         0xffffffff

Linker script and memory map

LOAD c:/program files (x86)/microchip/xc32/v1.31/bin/../lib/gcc/pic32mx/4.5.2/../../../../pic32mx/lib/./proc/32MX250F128D/crt0_mips32r2.o
                0x00000001                _DEBUGGER = 0x1
LOAD build/default/debug/main.o
LOAD build/default/debug/spi2.o
LOAD build/default/debug/RA8875.o
LOAD build/default/debug/ft5206.o
LOAD build/default/debug/mmc_pic24f.o
LOAD build/default/debug/ff.o
                0x00000001                __MPLAB_BUILD = 0x1
                0x00000001                __MPLAB_DEBUG = 0x1
                0x00000001                __DEBUG = 0x1
                0x00000001                __MPLAB_DEBUGGER_PK3 = 0x1
LOAD c:/program files (x86)/microchip/xc32/v1.31/bin/../lib/gcc/pic32mx/4.5.2/../../../../pic32mx/lib/./proc/32MX250F128D\default_isr_vectors.o
                0x00000400                PROVIDE (_min_stack_size, 0x400)
LOAD c:/program files (x86)/microchip/xc32/v1.31/bin/../lib/gcc/pic32mx/4.5.2/../../../../pic32mx/lib/./proc/32MX250F128D\processor.o
START GROUP
LOAD c:/program files (x86)/microchip/xc32/v1.31/bin/../lib/gcc/pic32mx/4.5.2/../../../../pic32mx/lib\libmchp_peripheral.a
END GROUP
START GROUP
LOAD c:/program files (x86)/microchip/xc32/v1.31/bin/../lib/gcc/pic32mx/4.5.2/../../../../pic32mx/lib\libmchp_peripheral_32MX250F128D.a
END GROUP
                0x00000001                PROVIDE (_vector_spacing, 0x1)
                0x9d01f000                _ebase_address = 0x9d01f000
                0xbfc00000                _RESET_ADDR = 0xbfc00000
                0xbfc00380                _BEV_EXCPT_ADDR = 0xbfc00380
                0xbfc00480                _DBG_EXCPT_ADDR = 0xbfc00480
                0x9fc00490                _DBG_CODE_ADDR = 0x9fc00490
                0x00000760                _DBG_CODE_SIZE = 0x760
                0x9d01f180                _GEN_EXCPT_ADDR = (_ebase_address + 0x180)

.config_BFC00BF0
                0xbfc00bf0        0x4
 *(.config_BFC00BF0)
 .config_BFC00BF0
                0xbfc00bf0        0x4 build/default/debug/main.o

.config_BFC00BF4
                0xbfc00bf4        0x4
 *(.config_BFC00BF4)
 .config_BFC00BF4
                0xbfc00bf4        0x4 build/default/debug/main.o

.config_BFC00BF8
                0xbfc00bf8        0x4
 *(.config_BFC00BF8)
 .config_BFC00BF8
                0xbfc00bf8        0x4 build/default/debug/main.o

.config_BFC00BFC
                0xbfc00bfc        0x4
 *(.config_BFC00BFC)
 .config_BFC00BFC
                0xbfc00bfc        0x4 build/default/debug/main.o
                0xbfc02000                PROVIDE (_DBG_CODE_ADDR, 0xbfc02000)
                0x00000ff0                PROVIDE (_DBG_CODE_SIZE, 0xff0)

.reset          0xbfc00000      0x1c4
 *(.reset)
 .reset         0xbfc00000      0x1c4 c:/program files (x86)/microchip/xc32/v1.31/bin/../lib/gcc/pic32mx/4.5.2/../../../../pic32mx/lib/./proc/32MX250F128D/crt0_mips32r2.o
                0xbfc00000                _reset
 *(.reset.startup)

.bev_excpt      0xbfc00380       0x10
 *(.bev_handler)
 .bev_handler   0xbfc00380       0x10 c:/program files (x86)/microchip/xc32/v1.31/bin/../lib/gcc/pic32mx/4.5.2/../../../../pic32mx/lib/./proc/32MX250F128D/crt0_mips32r2.o

.dbg_excpt      0xbfc00480        0x8
                0xbfc00480                . = (. + DEFINED (_DEBUGGER)?0x8:0x0)
 *fill*         0xbfc00480        0x8 

.dbg_code       0x9fc00490      0x760
                0x9fc00490                . = (. + DEFINED (_DEBUGGER)?_DBG_CODE_SIZE:0x0)
 *fill*         0x9fc00490      0x760 

.app_excpt      0x9d01f180       0x10
 *(.gen_handler)
 .gen_handler   0x9d01f180       0x10 c:/program files (x86)/microchip/xc32/v1.31/bin/../lib/gcc/pic32mx/4.5.2/../../../../pic32mx/lib/./proc/32MX250F128D/crt0_mips32r2.o

.vector_0       0x9d01f200        0x8
 *(.vector_0)
 .vector_0      0x9d01f200        0x8 c:/program files (x86)/microchip/xc32/v1.31/bin/../lib/gcc/pic32mx/4.5.2/../../../../pic32mx/lib\libpic32.a(vector0.o)
                0x9d01f200                __vector_dispatch_0
                0x00000001                ASSERT (((_vector_spacing == 0x0) || (SIZEOF (.vector_0) <= (_vector_spacing << 0x5))), function at exception vector 0 too large)

.vector_1       0x9d01f220        0x8
 *(.vector_1)
 .vector_1      0x9d01f220        0x8 c:/program files (x86)/microchip/xc32/v1.31/bin/../lib/gcc/pic32mx/4.5.2/../../../../pic32mx/lib\libpic32.a(vector1.o)
                0x9d01f220                __vector_dispatch_1
                0x00000001                ASSERT (((_vector_spacing == 0x0) || (SIZEOF (.vector_1) <= (_vector_spacing << 0x5))), function at exception vector 1 too large)

.vector_2       0x9d01f240        0x8
 *(.vector_2)
 .vector_2      0x9d01f240        0x8 c:/program files (x86)/microchip/xc32/v1.31/bin/../lib/gcc/pic32mx/4.5.2/../../../../pic32mx/lib\libpic32.a(vector2.o)
                0x9d01f240                __vector_dispatch_2
                0x00000001                ASSERT (((_vector_spacing == 0x0) || (SIZEOF (.vector_2) <= (_vector_spacing << 0x5))), function at exception vector 2 too large)

.vector_3       0x9d01f260        0x8
 *(.vector_3)
 .vector_3      0x9d01f260        0x8 c:/program files (x86)/microchip/xc32/v1.31/bin/../lib/gcc/pic32mx/4.5.2/../../../../pic32mx/lib\libpic32.a(vector3.o)
                0x9d01f260                __vector_dispatch_3
                0x00000001                ASSERT (((_vector_spacing == 0x0) || (SIZEOF (.vector_3) <= (_vector_spacing << 0x5))), function at exception vector 3 too large)

.vector_4       0x9d01f280        0x8
 *(.vector_4)
 .vector_4      0x9d01f280        0x8 c:/program files (x86)/microchip/xc32/v1.31/bin/../lib/gcc/pic32mx/4.5.2/../../../../pic32mx/lib\libpic32.a(vector4.o)
                0x9d01f280                __vector_dispatch_4
                0x00000001                ASSERT (((_vector_spacing == 0x0) || (SIZEOF (.vector_4) <= (_vector_spacing << 0x5))), function at exception vector 4 too large)

.vector_5       0x9d01f2a0        0x8
 *(.vector_5)
 .vector_5      0x9d01f2a0        0x8 c:/program files (x86)/microchip/xc32/v1.31/bin/../lib/gcc/pic32mx/4.5.2/../../../../pic32mx/lib\libpic32.a(vector5.o)
                0x9d01f2a0                __vector_dispatch_5
                0x00000001                ASSERT (((_vector_spacing == 0x0) || (SIZEOF (.vector_5) <= (_vector_spacing << 0x5))), function at exception vector 5 too large)

.vector_6       0x9d01f2c0        0x8
 *(.vector_6)
 .vector_6      0x9d01f2c0        0x8 c:/program files (x86)/microchip/xc32/v1.31/bin/../lib/gcc/pic32mx/4.5.2/../../../../pic32mx/lib\libpic32.a(vector6.o)
                0x9d01f2c0                __vector_dispatch_6
                0x00000001                ASSERT (((_vector_spacing == 0x0) || (SIZEOF (.vector_6) <= (_vector_spacing << 0x5))), function at exception vector 6 too large)

.vector_7       0x9d01f2e0        0x8
 *(.vector_7)
 .vector_7      0x9d01f2e0        0x8 c:/program files (x86)/microchip/xc32/v1.31/bin/../lib/gcc/pic32mx/4.5.2/../../../../pic32mx/lib\libpic32.a(vector7.o)
                0x9d01f2e0                __vector_dispatch_7
                0x00000001                ASSERT (((_vector_spacing == 0x0) || (SIZEOF (.vector_7) <= (_vector_spacing << 0x5))), function at exception vector 7 too large)

.vector_8       0x9d01f300        0x8
 *(.vector_8)
 .vector_8      0x9d01f300        0x8 c:/program files (x86)/microchip/xc32/v1.31/bin/../lib/gcc/pic32mx/4.5.2/../../../../pic32mx/lib\libpic32.a(vector8.o)
                0x9d01f300                __vector_dispatch_8
                0x00000001                ASSERT (((_vector_spacing == 0x0) || (SIZEOF (.vector_8) <= (_vector_spacing << 0x5))), function at exception vector 8 too large)

.vector_9       0x9d01f320        0x8
 *(.vector_9)
 .vector_9      0x9d01f320        0x8 c:/program files (x86)/microchip/xc32/v1.31/bin/../lib/gcc/pic32mx/4.5.2/../../../../pic32mx/lib\libpic32.a(vector9.o)
                0x9d01f320                __vector_dispatch_9
                0x00000001                ASSERT (((_vector_spacing == 0x0) || (SIZEOF (.vector_9) <= (_vector_spacing << 0x5))), function at exception vector 9 too large)

.vector_10      0x9d01f340        0x8
 *(.vector_10)
 .vector_10     0x9d01f340        0x8 c:/program files (x86)/microchip/xc32/v1.31/bin/../lib/gcc/pic32mx/4.5.2/../../../../pic32mx/lib\libpic32.a(vector10.o)
                0x9d01f340                __vector_dispatch_10
                0x00000001                ASSERT (((_vector_spacing == 0x0) || (SIZEOF (.vector_10) <= (_vector_spacing << 0x5))), function at exception vector 10 too large)

.vector_11      0x9d01f360        0x8
 *(.vector_11)
 .vector_11     0x9d01f360        0x8 c:/program files (x86)/microchip/xc32/v1.31/bin/../lib/gcc/pic32mx/4.5.2/../../../../pic32mx/lib\libpic32.a(vector11.o)
                0x9d01f360                __vector_dispatch_11
                0x00000001                ASSERT (((_vector_spacing == 0x0) || (SIZEOF (.vector_11) <= (_vector_spacing << 0x5))), function at exception vector 11 too large)

.vector_12      0x9d01f380        0x8
 *(.vector_12)
 .vector_12     0x9d01f380        0x8 c:/program files (x86)/microchip/xc32/v1.31/bin/../lib/gcc/pic32mx/4.5.2/../../../../pic32mx/lib\libpic32.a(vector12.o)
                0x9d01f380                __vector_dispatch_12
                0x00000001                ASSERT (((_vector_spacing == 0x0) || (SIZEOF (.vector_12) <= (_vector_spacing << 0x5))), function at exception vector 12 too large)

.vector_13      0x9d01f3a0        0x8
 *(.vector_13)
 .vector_13     0x9d01f3a0        0x8 c:/program files (x86)/microchip/xc32/v1.31/bin/../lib/gcc/pic32mx/4.5.2/../../../../pic32mx/lib\libpic32.a(vector13.o)
                0x9d01f3a0                __vector_dispatch_13
                0x00000001                ASSERT (((_vector_spacing == 0x0) || (SIZEOF (.vector_13) <= (_vector_spacing << 0x5))), function at exception vector 13 too large)

.vector_14      0x9d01f3c0        0x8
 *(.vector_14)
 .vector_14     0x9d01f3c0        0x8 c:/program files (x86)/microchip/xc32/v1.31/bin/../lib/gcc/pic32mx/4.5.2/../../../../pic32mx/lib\libpic32.a(vector14.o)
                0x9d01f3c0                __vector_dispatch_14
                0x00000001                ASSERT (((_vector_spacing == 0x0) || (SIZEOF (.vector_14) <= (_vector_spacing << 0x5))), function at exception vector 14 too large)

.vector_15      0x9d01f3e0        0x8
 *(.vector_15)
 .vector_15     0x9d01f3e0        0x8 c:/program files (x86)/microchip/xc32/v1.31/bin/../lib/gcc/pic32mx/4.5.2/../../../../pic32mx/lib\libpic32.a(vector15.o)
                0x9d01f3e0                __vector_dispatch_15
                0x00000001                ASSERT (((_vector_spacing == 0x0) || (SIZEOF (.vector_15) <= (_vector_spacing << 0x5))), function at exception vector 15 too large)

.vector_16      0x9d01f400        0x8
 *(.vector_16)
 .vector_16     0x9d01f400        0x8 c:/program files (x86)/microchip/xc32/v1.31/bin/../lib/gcc/pic32mx/4.5.2/../../../../pic32mx/lib\libpic32.a(vector16.o)
                0x9d01f400                __vector_dispatch_16
                0x00000001                ASSERT (((_vector_spacing == 0x0) || (SIZEOF (.vector_16) <= (_vector_spacing << 0x5))), function at exception vector 16 too large)

.vector_17      0x9d01f420        0x8
 *(.vector_17)
 .vector_17     0x9d01f420        0x8 c:/program files (x86)/microchip/xc32/v1.31/bin/../lib/gcc/pic32mx/4.5.2/../../../../pic32mx/lib\libpic32.a(vector17.o)
                0x9d01f420                __vector_dispatch_17
                0x00000001                ASSERT (((_vector_spacing == 0x0) || (SIZEOF (.vector_17) <= (_vector_spacing << 0x5))), function at exception vector 17 too large)

.vector_18      0x9d01f440        0x8
 *(.vector_18)
 .vector_18     0x9d01f440        0x8 c:/program files (x86)/microchip/xc32/v1.31/bin/../lib/gcc/pic32mx/4.5.2/../../../../pic32mx/lib\libpic32.a(vector18.o)
                0x9d01f440                __vector_dispatch_18
                0x00000001                ASSERT (((_vector_spacing == 0x0) || (SIZEOF (.vector_18) <= (_vector_spacing << 0x5))), function at exception vector 18 too large)

.vector_19      0x9d01f460        0x8
 *(.vector_19)
 .vector_19     0x9d01f460        0x8 c:/program files (x86)/microchip/xc32/v1.31/bin/../lib/gcc/pic32mx/4.5.2/../../../../pic32mx/lib\libpic32.a(vector19.o)
                0x9d01f460                __vector_dispatch_19
                0x00000001                ASSERT (((_vector_spacing == 0x0) || (SIZEOF (.vector_19) <= (_vector_spacing << 0x5))), function at exception vector 19 too large)

.vector_20      0x9d01f480        0x8
 *(.vector_20)
 .vector_20     0x9d01f480        0x8 c:/program files (x86)/microchip/xc32/v1.31/bin/../lib/gcc/pic32mx/4.5.2/../../../../pic32mx/lib\libpic32.a(vector20.o)
                0x9d01f480                __vector_dispatch_20
                0x00000001                ASSERT (((_vector_spacing == 0x0) || (SIZEOF (.vector_20) <= (_vector_spacing << 0x5))), function at exception vector 20 too large)

.vector_21      0x9d01f4a0        0x8
 *(.vector_21)
 .vector_21     0x9d01f4a0        0x8 c:/program files (x86)/microchip/xc32/v1.31/bin/../lib/gcc/pic32mx/4.5.2/../../../../pic32mx/lib\libpic32.a(vector21.o)
                0x9d01f4a0                __vector_dispatch_21
                0x00000001                ASSERT (((_vector_spacing == 0x0) || (SIZEOF (.vector_21) <= (_vector_spacing << 0x5))), function at exception vector 21 too large)

.vector_22      0x9d01f4c0        0x8
 *(.vector_22)
 .vector_22     0x9d01f4c0        0x8 c:/program files (x86)/microchip/xc32/v1.31/bin/../lib/gcc/pic32mx/4.5.2/../../../../pic32mx/lib\libpic32.a(vector22.o)
                0x9d01f4c0                __vector_dispatch_22
                0x00000001                ASSERT (((_vector_spacing == 0x0) || (SIZEOF (.vector_22) <= (_vector_spacing << 0x5))), function at exception vector 22 too large)

.vector_23      0x9d01f4e0        0x8
 *(.vector_23)
 .vector_23     0x9d01f4e0        0x8 c:/program files (x86)/microchip/xc32/v1.31/bin/../lib/gcc/pic32mx/4.5.2/../../../../pic32mx/lib\libpic32.a(vector23.o)
                0x9d01f4e0                __vector_dispatch_23
                0x00000001                ASSERT (((_vector_spacing == 0x0) || (SIZEOF (.vector_23) <= (_vector_spacing << 0x5))), function at exception vector 23 too large)

.vector_24      0x9d01f500        0x8
 *(.vector_24)
 .vector_24     0x9d01f500        0x8 c:/program files (x86)/microchip/xc32/v1.31/bin/../lib/gcc/pic32mx/4.5.2/../../../../pic32mx/lib\libpic32.a(vector24.o)
                0x9d01f500                __vector_dispatch_24
                0x00000001                ASSERT (((_vector_spacing == 0x0) || (SIZEOF (.vector_24) <= (_vector_spacing << 0x5))), function at exception vector 24 too large)

.vector_25      0x9d01f520        0x8
 *(.vector_25)
 .vector_25     0x9d01f520        0x8 c:/program files (x86)/microchip/xc32/v1.31/bin/../lib/gcc/pic32mx/4.5.2/../../../../pic32mx/lib\libpic32.a(vector25.o)
                0x9d01f520                __vector_dispatch_25
                0x00000001                ASSERT (((_vector_spacing == 0x0) || (SIZEOF (.vector_25) <= (_vector_spacing << 0x5))), function at exception vector 25 too large)

.vector_26      0x9d01f540        0x8
 *(.vector_26)
 .vector_26     0x9d01f540        0x8 c:/program files (x86)/microchip/xc32/v1.31/bin/../lib/gcc/pic32mx/4.5.2/../../../../pic32mx/lib\libpic32.a(vector26.o)
                0x9d01f540                __vector_dispatch_26
                0x00000001                ASSERT (((_vector_spacing == 0x0) || (SIZEOF (.vector_26) <= (_vector_spacing << 0x5))), function at exception vector 26 too large)

.vector_27      0x9d01f560        0x8
 *(.vector_27)
 .vector_27     0x9d01f560        0x8 c:/program files (x86)/microchip/xc32/v1.31/bin/../lib/gcc/pic32mx/4.5.2/../../../../pic32mx/lib\libpic32.a(vector27.o)
                0x9d01f560                __vector_dispatch_27
                0x00000001                ASSERT (((_vector_spacing == 0x0) || (SIZEOF (.vector_27) <= (_vector_spacing << 0x5))), function at exception vector 27 too large)

.vector_28      0x9d01f580        0x8
 *(.vector_28)
 .vector_28     0x9d01f580        0x8 c:/program files (x86)/microchip/xc32/v1.31/bin/../lib/gcc/pic32mx/4.5.2/../../../../pic32mx/lib\libpic32.a(vector28.o)
                0x9d01f580                __vector_dispatch_28
                0x00000001                ASSERT (((_vector_spacing == 0x0) || (SIZEOF (.vector_28) <= (_vector_spacing << 0x5))), function at exception vector 28 too large)

.vector_29      0x9d01f5a0        0x8
 *(.vector_29)
 .vector_29     0x9d01f5a0        0x8 c:/program files (x86)/microchip/xc32/v1.31/bin/../lib/gcc/pic32mx/4.5.2/../../../../pic32mx/lib\libpic32.a(vector29.o)
                0x9d01f5a0                __vector_dispatch_29
                0x00000001                ASSERT (((_vector_spacing == 0x0) || (SIZEOF (.vector_29) <= (_vector_spacing << 0x5))), function at exception vector 29 too large)

.vector_30      0x9d01f5c0        0x8
 *(.vector_30)
 .vector_30     0x9d01f5c0        0x8 c:/program files (x86)/microchip/xc32/v1.31/bin/../lib/gcc/pic32mx/4.5.2/../../../../pic32mx/lib\libpic32.a(vector30.o)
                0x9d01f5c0                __vector_dispatch_30
                0x00000001                ASSERT (((_vector_spacing == 0x0) || (SIZEOF (.vector_30) <= (_vector_spacing << 0x5))), function at exception vector 30 too large)

.vector_31      0x9d01f5e0        0x8
 *(.vector_31)
 .vector_31     0x9d01f5e0        0x8 c:/program files (x86)/microchip/xc32/v1.31/bin/../lib/gcc/pic32mx/4.5.2/../../../../pic32mx/lib\libpic32.a(vector31.o)
                0x9d01f5e0                __vector_dispatch_31
                0x00000001                ASSERT (((_vector_spacing == 0x0) || (SIZEOF (.vector_31) <= (_vector_spacing << 0x5))), function at exception vector 31 too large)

.vector_32      0x9d01f600        0x8
 *(.vector_32)
 .vector_32     0x9d01f600        0x8 c:/program files (x86)/microchip/xc32/v1.31/bin/../lib/gcc/pic32mx/4.5.2/../../../../pic32mx/lib\libpic32.a(vector32.o)
                0x9d01f600                __vector_dispatch_32
                0x00000001                ASSERT (((_vector_spacing == 0x0) || (SIZEOF (.vector_32) <= (_vector_spacing << 0x5))), function at exception vector 32 too large)

.vector_33      0x9d01f620        0x8
 *(.vector_33)
 .vector_33     0x9d01f620        0x8 c:/program files (x86)/microchip/xc32/v1.31/bin/../lib/gcc/pic32mx/4.5.2/../../../../pic32mx/lib\libpic32.a(vector33.o)
                0x9d01f620                __vector_dispatch_33
                0x00000001                ASSERT (((_vector_spacing == 0x0) || (SIZEOF (.vector_33) <= (_vector_spacing << 0x5))), function at exception vector 33 too large)

.vector_34      0x9d01f640        0x8
 *(.vector_34)
 .vector_34     0x9d01f640        0x8 c:/program files (x86)/microchip/xc32/v1.31/bin/../lib/gcc/pic32mx/4.5.2/../../../../pic32mx/lib\libpic32.a(vector34.o)
                0x9d01f640                __vector_dispatch_34
                0x00000001                ASSERT (((_vector_spacing == 0x0) || (SIZEOF (.vector_34) <= (_vector_spacing << 0x5))), function at exception vector 34 too large)

.vector_35      0x9d01f660        0x8
 *(.vector_35)
 .vector_35     0x9d01f660        0x8 c:/program files (x86)/microchip/xc32/v1.31/bin/../lib/gcc/pic32mx/4.5.2/../../../../pic32mx/lib\libpic32.a(vector35.o)
                0x9d01f660                __vector_dispatch_35
                0x00000001                ASSERT (((_vector_spacing == 0x0) || (SIZEOF (.vector_35) <= (_vector_spacing << 0x5))), function at exception vector 35 too large)

.vector_36      0x9d01f680        0x8
 *(.vector_36)
 .vector_36     0x9d01f680        0x8 c:/program files (x86)/microchip/xc32/v1.31/bin/../lib/gcc/pic32mx/4.5.2/../../../../pic32mx/lib\libpic32.a(vector36.o)
                0x9d01f680                __vector_dispatch_36
                0x00000001                ASSERT (((_vector_spacing == 0x0) || (SIZEOF (.vector_36) <= (_vector_spacing << 0x5))), function at exception vector 36 too large)

.vector_37      0x9d01f6a0        0x8
 *(.vector_37)
 .vector_37     0x9d01f6a0        0x8 c:/program files (x86)/microchip/xc32/v1.31/bin/../lib/gcc/pic32mx/4.5.2/../../../../pic32mx/lib\libpic32.a(vector37.o)
                0x9d01f6a0                __vector_dispatch_37
                0x00000001                ASSERT (((_vector_spacing == 0x0) || (SIZEOF (.vector_37) <= (_vector_spacing << 0x5))), function at exception vector 37 too large)

.vector_38      0x9d01f6c0        0x8
 *(.vector_38)
 .vector_38     0x9d01f6c0        0x8 c:/program files (x86)/microchip/xc32/v1.31/bin/../lib/gcc/pic32mx/4.5.2/../../../../pic32mx/lib\libpic32.a(vector38.o)
                0x9d01f6c0                __vector_dispatch_38
                0x00000001                ASSERT (((_vector_spacing == 0x0) || (SIZEOF (.vector_38) <= (_vector_spacing << 0x5))), function at exception vector 38 too large)

.vector_39      0x9d01f6e0        0x8
 *(.vector_39)
 .vector_39     0x9d01f6e0        0x8 c:/program files (x86)/microchip/xc32/v1.31/bin/../lib/gcc/pic32mx/4.5.2/../../../../pic32mx/lib\libpic32.a(vector39.o)
                0x9d01f6e0                __vector_dispatch_39
                0x00000001                ASSERT (((_vector_spacing == 0x0) || (SIZEOF (.vector_39) <= (_vector_spacing << 0x5))), function at exception vector 39 too large)

.vector_40      0x9d01f700        0x8
 *(.vector_40)
 .vector_40     0x9d01f700        0x8 c:/program files (x86)/microchip/xc32/v1.31/bin/../lib/gcc/pic32mx/4.5.2/../../../../pic32mx/lib\libpic32.a(vector40.o)
                0x9d01f700                __vector_dispatch_40
                0x00000001                ASSERT (((_vector_spacing == 0x0) || (SIZEOF (.vector_40) <= (_vector_spacing << 0x5))), function at exception vector 40 too large)

.vector_41      0x9d01f720        0x8
 *(.vector_41)
 .vector_41     0x9d01f720        0x8 c:/program files (x86)/microchip/xc32/v1.31/bin/../lib/gcc/pic32mx/4.5.2/../../../../pic32mx/lib\libpic32.a(vector41.o)
                0x9d01f720                __vector_dispatch_41
                0x00000001                ASSERT (((_vector_spacing == 0x0) || (SIZEOF (.vector_41) <= (_vector_spacing << 0x5))), function at exception vector 41 too large)

.vector_42      0x9d01f740        0x8
 *(.vector_42)
 .vector_42     0x9d01f740        0x8 c:/program files (x86)/microchip/xc32/v1.31/bin/../lib/gcc/pic32mx/4.5.2/../../../../pic32mx/lib\libpic32.a(vector42.o)
                0x9d01f740                __vector_dispatch_42
                0x00000001                ASSERT (((_vector_spacing == 0x0) || (SIZEOF (.vector_42) <= (_vector_spacing << 0x5))), function at exception vector 42 too large)

.vector_43      0x9d01f760        0x8
 *(.vector_43)
 .vector_43     0x9d01f760        0x8 c:/program files (x86)/microchip/xc32/v1.31/bin/../lib/gcc/pic32mx/4.5.2/../../../../pic32mx/lib\libpic32.a(vector43.o)
                0x9d01f760                __vector_dispatch_43
                0x00000001                ASSERT (((_vector_spacing == 0x0) || (SIZEOF (.vector_43) <= (_vector_spacing << 0x5))), function at exception vector 43 too large)

.vector_44      0x9d01f780        0x8
 *(.vector_44)
 .vector_44     0x9d01f780        0x8 c:/program files (x86)/microchip/xc32/v1.31/bin/../lib/gcc/pic32mx/4.5.2/../../../../pic32mx/lib\libpic32.a(vector44.o)
                0x9d01f780                __vector_dispatch_44
                0x00000001                ASSERT (((_vector_spacing == 0x0) || (SIZEOF (.vector_44) <= (_vector_spacing << 0x5))), function at exception vector 44 too large)

.vector_45      0x9d01f7a0        0x8
 *(.vector_45)
 .vector_45     0x9d01f7a0        0x8 c:/program files (x86)/microchip/xc32/v1.31/bin/../lib/gcc/pic32mx/4.5.2/../../../../pic32mx/lib\libpic32.a(vector45.o)
                0x9d01f7a0                __vector_dispatch_45
                0x00000001                ASSERT (((_vector_spacing == 0x0) || (SIZEOF (.vector_45) <= (_vector_spacing << 0x5))), function at exception vector 45 too large)

.vector_46      0x9d01f7c0        0x8
 *(.vector_46)
 .vector_46     0x9d01f7c0        0x8 c:/program files (x86)/microchip/xc32/v1.31/bin/../lib/gcc/pic32mx/4.5.2/../../../../pic32mx/lib\libpic32.a(vector46.o)
                0x9d01f7c0                __vector_dispatch_46
                0x00000001                ASSERT (((_vector_spacing == 0x0) || (SIZEOF (.vector_46) <= (_vector_spacing << 0x5))), function at exception vector 46 too large)

.vector_47      0x9d01f7e0        0x8
 *(.vector_47)
 .vector_47     0x9d01f7e0        0x8 c:/program files (x86)/microchip/xc32/v1.31/bin/../lib/gcc/pic32mx/4.5.2/../../../../pic32mx/lib\libpic32.a(vector47.o)
                0x9d01f7e0                __vector_dispatch_47
                0x00000001                ASSERT (((_vector_spacing == 0x0) || (SIZEOF (.vector_47) <= (_vector_spacing << 0x5))), function at exception vector 47 too large)

.vector_48      0x9d01f800        0x8
 *(.vector_48)
 .vector_48     0x9d01f800        0x8 c:/program files (x86)/microchip/xc32/v1.31/bin/../lib/gcc/pic32mx/4.5.2/../../../../pic32mx/lib\libpic32.a(vector48.o)
                0x9d01f800                __vector_dispatch_48
                0x00000001                ASSERT (((_vector_spacing == 0x0) || (SIZEOF (.vector_48) <= (_vector_spacing << 0x5))), function at exception vector 48 too large)

.vector_49      0x9d01f820        0x8
 *(.vector_49)
 .vector_49     0x9d01f820        0x8 c:/program files (x86)/microchip/xc32/v1.31/bin/../lib/gcc/pic32mx/4.5.2/../../../../pic32mx/lib\libpic32.a(vector49.o)
                0x9d01f820                __vector_dispatch_49
                0x00000001                ASSERT (((_vector_spacing == 0x0) || (SIZEOF (.vector_49) <= (_vector_spacing << 0x5))), function at exception vector 49 too large)

.vector_50      0x9d01f840        0x8
 *(.vector_50)
 .vector_50     0x9d01f840        0x8 c:/program files (x86)/microchip/xc32/v1.31/bin/../lib/gcc/pic32mx/4.5.2/../../../../pic32mx/lib\libpic32.a(vector50.o)
                0x9d01f840                __vector_dispatch_50
                0x00000001                ASSERT (((_vector_spacing == 0x0) || (SIZEOF (.vector_50) <= (_vector_spacing << 0x5))), function at exception vector 50 too large)

.vector_51      0x9d01f860        0x8
 *(.vector_51)
 .vector_51     0x9d01f860        0x8 c:/program files (x86)/microchip/xc32/v1.31/bin/../lib/gcc/pic32mx/4.5.2/../../../../pic32mx/lib\libpic32.a(vector51.o)
                0x9d01f860                __vector_dispatch_51
                0x00000001                ASSERT (((_vector_spacing == 0x0) || (SIZEOF (.vector_51) <= (_vector_spacing << 0x5))), function at exception vector 51 too large)

.vector_52      0x9d01f880        0x8
 *(.vector_52)
 .vector_52     0x9d01f880        0x8 c:/program files (x86)/microchip/xc32/v1.31/bin/../lib/gcc/pic32mx/4.5.2/../../../../pic32mx/lib\libpic32.a(vector52.o)
                0x9d01f880                __vector_dispatch_52
                0x00000001                ASSERT (((_vector_spacing == 0x0) || (SIZEOF (.vector_52) <= (_vector_spacing << 0x5))), function at exception vector 52 too large)

.vector_53      0x9d01f8a0        0x8
 *(.vector_53)
 .vector_53     0x9d01f8a0        0x8 c:/program files (x86)/microchip/xc32/v1.31/bin/../lib/gcc/pic32mx/4.5.2/../../../../pic32mx/lib\libpic32.a(vector53.o)
                0x9d01f8a0                __vector_dispatch_53
                0x00000001                ASSERT (((_vector_spacing == 0x0) || (SIZEOF (.vector_53) <= (_vector_spacing << 0x5))), function at exception vector 53 too large)

.vector_54      0x9d01f8c0        0x8
 *(.vector_54)
 .vector_54     0x9d01f8c0        0x8 c:/program files (x86)/microchip/xc32/v1.31/bin/../lib/gcc/pic32mx/4.5.2/../../../../pic32mx/lib\libpic32.a(vector54.o)
                0x9d01f8c0                __vector_dispatch_54
                0x00000001                ASSERT (((_vector_spacing == 0x0) || (SIZEOF (.vector_54) <= (_vector_spacing << 0x5))), function at exception vector 54 too large)

.vector_55      0x9d01f8e0        0x8
 *(.vector_55)
 .vector_55     0x9d01f8e0        0x8 c:/program files (x86)/microchip/xc32/v1.31/bin/../lib/gcc/pic32mx/4.5.2/../../../../pic32mx/lib\libpic32.a(vector55.o)
                0x9d01f8e0                __vector_dispatch_55
                0x00000001                ASSERT (((_vector_spacing == 0x0) || (SIZEOF (.vector_55) <= (_vector_spacing << 0x5))), function at exception vector 55 too large)

.vector_56      0x9d01f900        0x8
 *(.vector_56)
 .vector_56     0x9d01f900        0x8 c:/program files (x86)/microchip/xc32/v1.31/bin/../lib/gcc/pic32mx/4.5.2/../../../../pic32mx/lib\libpic32.a(vector56.o)
                0x9d01f900                __vector_dispatch_56
                0x00000001                ASSERT (((_vector_spacing == 0x0) || (SIZEOF (.vector_56) <= (_vector_spacing << 0x5))), function at exception vector 56 too large)

.vector_57      0x9d01f920        0x8
 *(.vector_57)
 .vector_57     0x9d01f920        0x8 c:/program files (x86)/microchip/xc32/v1.31/bin/../lib/gcc/pic32mx/4.5.2/../../../../pic32mx/lib\libpic32.a(vector57.o)
                0x9d01f920                __vector_dispatch_57
                0x00000001                ASSERT (((_vector_spacing == 0x0) || (SIZEOF (.vector_57) <= (_vector_spacing << 0x5))), function at exception vector 57 too large)

.vector_58      0x9d01f940        0x8
 *(.vector_58)
 .vector_58     0x9d01f940        0x8 c:/program files (x86)/microchip/xc32/v1.31/bin/../lib/gcc/pic32mx/4.5.2/../../../../pic32mx/lib\libpic32.a(vector58.o)
                0x9d01f940                __vector_dispatch_58
                0x00000001                ASSERT (((_vector_spacing == 0x0) || (SIZEOF (.vector_58) <= (_vector_spacing << 0x5))), function at exception vector 58 too large)

.vector_59      0x9d01f960        0x8
 *(.vector_59)
 .vector_59     0x9d01f960        0x8 c:/program files (x86)/microchip/xc32/v1.31/bin/../lib/gcc/pic32mx/4.5.2/../../../../pic32mx/lib\libpic32.a(vector59.o)
                0x9d01f960                __vector_dispatch_59
                0x00000001                ASSERT (((_vector_spacing == 0x0) || (SIZEOF (.vector_59) <= (_vector_spacing << 0x5))), function at exception vector 59 too large)

.vector_60      0x9d01f980        0x8
 *(.vector_60)
 .vector_60     0x9d01f980        0x8 c:/program files (x86)/microchip/xc32/v1.31/bin/../lib/gcc/pic32mx/4.5.2/../../../../pic32mx/lib\libpic32.a(vector60.o)
                0x9d01f980                __vector_dispatch_60
                0x00000001                ASSERT (((_vector_spacing == 0x0) || (SIZEOF (.vector_60) <= (_vector_spacing << 0x5))), function at exception vector 60 too large)

.vector_61      0x9d01f9a0        0x8
 *(.vector_61)
 .vector_61     0x9d01f9a0        0x8 c:/program files (x86)/microchip/xc32/v1.31/bin/../lib/gcc/pic32mx/4.5.2/../../../../pic32mx/lib\libpic32.a(vector61.o)
                0x9d01f9a0                __vector_dispatch_61
                0x00000001                ASSERT (((_vector_spacing == 0x0) || (SIZEOF (.vector_61) <= (_vector_spacing << 0x5))), function at exception vector 61 too large)

.vector_62      0x9d01f9c0        0x8
 *(.vector_62)
 .vector_62     0x9d01f9c0        0x8 c:/program files (x86)/microchip/xc32/v1.31/bin/../lib/gcc/pic32mx/4.5.2/../../../../pic32mx/lib\libpic32.a(vector62.o)
                0x9d01f9c0                __vector_dispatch_62
                0x00000001                ASSERT (((_vector_spacing == 0x0) || (SIZEOF (.vector_62) <= (_vector_spacing << 0x5))), function at exception vector 62 too large)

.vector_63      0x9d01f9e0        0x8
 *(.vector_63)
 .vector_63     0x9d01f9e0        0x8 c:/program files (x86)/microchip/xc32/v1.31/bin/../lib/gcc/pic32mx/4.5.2/../../../../pic32mx/lib\libpic32.a(vector63.o)
                0x9d01f9e0                __vector_dispatch_63
                0x00000001                ASSERT (((_vector_spacing == 0x0) || (SIZEOF (.vector_63) <= (_vector_spacing << 0x5))), function at exception vector 63 too large)

.startup
 *(.startup)

.text           0x9d000000        0x0
 *(.stub .gnu.linkonce.t.*)
 *(.text.*personality*)
 *(.mips16.fn.*)
 *(.mips16.call.*)
 *(.gnu.warning)
                0x9d000000                . = ALIGN (0x4)

.init           0x9d000000        0x0
 *crti.o(.init)
 *crtbegin.o(.init)
 *(EXCLUDE_FILE(*crtn.o *crtend?.o *crtend.o) .init)
 *crtend.o(.init)
 *crtn.o(.init)
                0x9d000000                . = ALIGN (0x4)

.fini           0x9d000000        0x0
 *(.fini)
                0x9d000000                . = ALIGN (0x4)

.preinit_array  0x9d000000        0x0
                0x9d000000                PROVIDE (__preinit_array_start, .)
 *(.preinit_array)
                0x9d000000                PROVIDE (__preinit_array_end, .)
                0x9d000000                . = ALIGN (0x4)

.init_array     0x9d000000        0x0
                0x9d000000                PROVIDE (__init_array_start, .)
 *(SORT(.init_array.*))
 *(.init_array)
                0x9d000000                PROVIDE (__init_array_end, .)
                0x9d000000                . = ALIGN (0x4)

.fini_array     0x9d000000        0x0
                0x9d000000                PROVIDE (__fini_array_start, .)
 *(SORT(.fini_array.*))
 *(.fini_array)
                0x9d000000                PROVIDE (__fini_array_end, .)
                0x9d000000                . = ALIGN (0x4)

.ctors          0x9d000000        0x0
 *crtbegin.o(.ctors)
 *crtbegin?.o(.ctors)
 *(EXCLUDE_FILE(*crtend?.o *crtend.o) .ctors)
 *(SORT(.ctors.*))
 *(.ctors)
                0x9d000000                . = ALIGN (0x4)

.dtors          0x9d000000        0x0
 *crtbegin.o(.dtors)
 *crtbegin?.o(.dtors)
 *(EXCLUDE_FILE(*crtend?.o *crtend.o) .dtors)
 *(SORT(.dtors.*))
 *(.dtors)
                0x9d000000                . = ALIGN (0x4)

.rodata         0x9d000000        0x0
 *(.gnu.linkonce.r.*)
 *(.rodata1)
                0x9d000000                . = ALIGN (0x4)

.sdata2         0x9fc00490        0x0
 *(.sdata2 .sdata2.* .gnu.linkonce.s2.*)
                0x9fc00490                . = ALIGN (0x4)

.sbss2          0x9fc00490        0x0
 *(.sbss2 .sbss2.* .gnu.linkonce.sb2.*)
                0x9fc00490                . = ALIGN (0x4)

.eh_frame_hdr
 *(.eh_frame_hdr)
                0x9fc00490                . = ALIGN (0x4)

.eh_frame
 *(.eh_frame)
                0x9fc00490                . = ALIGN (0x4)

.gcc_except_table
 *(.gcc_except_table .gcc_except_table.*)
                0x9fc00490                . = ALIGN (0x4)

.dbg_data       0xa0000000      0x200
                0xa0000000                . = (. + DEFINED (_DEBUGGER)?0x200:0x0)
 *fill*         0xa0000000      0x200 

.jcr            0xa0000200        0x0
 *(.jcr)
                0xa0000200                . = ALIGN (0x4)

.eh_frame       0xa0000200       0x30
 *(.eh_frame)
 .eh_frame      0xa0000200       0x20 c:/program files (x86)/microchip/xc32/v1.31/bin/../lib/gcc/pic32mx/4.5.2\libgcc.a(_udivdi3.o)
 .eh_frame      0xa0000220       0x10 c:/program files (x86)/microchip/xc32/v1.31/bin/../lib/gcc/pic32mx/4.5.2\libgcc.a(_umoddi3.o)
                0xa0000230                . = ALIGN (0x4)

.gcc_except_table
 *(.gcc_except_table .gcc_except_table.*)
                0xa0000230                . = ALIGN (0x4)

.persist        0xa0000230        0x0
                0xa0000230                _persist_begin = .
 *(.persist .persist.*)
 *(.pbss .pbss.*)
                0xa0000230                . = ALIGN (0x4)
                0xa0000230                _persist_end = .

.data           0xa0000230        0x0
 *(.gnu.linkonce.d.*)
 *(.data1)
                0xa0000230                . = ALIGN (0x4)
                0xa0000230                . = .
                0xa0008220                _gp = (ALIGN (0x10) + 0x7ff0)

.got            0xa0000230        0x0
 *(.got.plt)
 *(.got)
                0xa0000230                . = ALIGN (0x4)

.sdata          0xa0000230       0x18
                0xa0000230                _sdata_begin = .
 *(.sdata .sdata.* .gnu.linkonce.s.*)
 .sdata         0xa0000230        0xc build/default/debug/main.o
                0xa0000230                bColor
                0xa0000234                myW
                0xa0000238                myH
 .sdata         0xa000023c        0x1 build/default/debug/mmc_pic24f.o
 *fill*         0xa000023d        0x3 
 .sdata         0xa0000240        0x4 c:/program files (x86)/microchip/xc32/v1.31/bin/../lib/gcc/pic32mx/4.5.2/../../../../pic32mx/lib\libc.a(_iob.o)
                0xa0000240                _Files
 .sdata         0xa0000244        0x4 c:/program files (x86)/microchip/xc32/v1.31/bin/../lib/gcc/pic32mx/4.5.2/../../../../pic32mx/lib\libpic32.a(xc32_uart.o)
                0xa0000244                __XC_UART
                0xa0000248                . = ALIGN (0x4)
                0xa0000248                _sdata_end = .

.lit8
 *(.lit8)

.lit4
 *(.lit4)
                0xa0000248                . = ALIGN (0x4)
                0xa0000248                _data_end = .
                0xa0000248                _bss_begin = .

.sbss           0xa0000248       0x58
                0xa0000248                _sbss_begin = .
 *(.dynsbss)
 *(.sbss .sbss.* .gnu.linkonce.sb.*)
 .sbss          0xa0000248        0x8 build/default/debug/main.o
                0xa0000248                fColor
                0xa000024c                imageCount
 .sbss          0xa0000250        0xc build/default/debug/mmc_pic24f.o
 .sbss          0xa000025c        0x8 build/default/debug/ff.o
 .sbss          0xa0000264        0x1 c:/program files (x86)/microchip/xc32/v1.31/bin/../lib/gcc/pic32mx/4.5.2/../../../../pic32mx/lib\libc.a(_iob.o)
                0xa0000264                _outdone
 *(.scommon)
 .scommon       0xa0000265        0x1 build/default/debug/main.o
                0xa0000265                iStat
 *fill*         0xa0000266        0x2 
 .scommon       0xa0000268       0x38 build/default/debug/RA8875.o
                0xa0000268                xmin
                0xa000026c                xmax
                0xa0000270                Y2
                0xa0000274                X2
                0xa0000278                X4
                0xa000027c                taby
                0xa0000280                X1
                0xa0000284                Y4
                0xa0000288                X3
                0xa000028c                tabx
                0xa0000290                ymin
                0xa0000294                Y1
                0xa0000298                ymax
                0xa000029c                Y3
                0xa00002a0                _sbss_end = .
                0xa00002a0                . = ALIGN (0x4)

.bss            0xa00002a0     0x1858
 *(.dynbss)
 *(COMMON)
 COMMON         0xa00002a0      0xe9c build/default/debug/main.o
                0xa00002a0                IMAGEBUFF
                0xa0000c00                fs
                0xa0000e34                line
                0xa0000e88                LastFile
                0xa0000e98                FILE_IN_BUFF
                0xa0001098                btnRew
                0xa00010c4                btnStop
                0xa00010f0                messageOut
                0xa0001118                fil
 COMMON         0xa000113c      0x990 build/default/debug/RA8875.o
                0xa000113c                x
                0xa0001154                y
                0xa000116c                IMAGE_BUFF
 COMMON         0xa0001acc       0x2c build/default/debug/ft5206.o
                0xa0001acc                ts_event
                0xa0001af8                . = ALIGN ((. != 0x0)?0x4:0x1)
                0xa0001af8                . = ALIGN (0x4)
                0xa0001af8                _end = .
                0xa0001af8                _bss_end = .
                0x00008000                _bmxdudba_address = 0x8000
                0x00008000                _bmxdupba_address = 0x8000

/DISCARD/
 *(.pdr)
 *(.rel.dyn)
 *(.note.GNU-stack)
 *(.note.GNU-stack)
 *(.gnu_debuglink)
 *(.gnu.lto_*)
 *(.discard)

.gptab.sdata
 *(.gptab.data)
 *(.gptab.sdata)

.gptab.sbss
 *(.gptab.bss)
 *(.gptab.sbss)

.mdebug.abi32   0xa0001af8        0x0
 *(.mdebug.abi32)
 .mdebug.abi32  0xa0001af8        0x0 build/default/debug/main.o
 .mdebug.abi32  0xa0001af8        0x0 build/default/debug/spi2.o
 .mdebug.abi32  0xa0001af8        0x0 build/default/debug/RA8875.o
 .mdebug.abi32  0xa0001af8        0x0 build/default/debug/ft5206.o
 .mdebug.abi32  0xa0001af8        0x0 build/default/debug/mmc_pic24f.o
 .mdebug.abi32  0xa0001af8        0x0 build/default/debug/ff.o
 .mdebug.abi32  0xa0001af8        0x0 c:/program files (x86)/microchip/xc32/v1.31/bin/../lib/gcc/pic32mx/4.5.2/../../../../pic32mx/lib\libmchp_peripheral_32MX250F128D.a(osc_config_lib.o)
 .mdebug.abi32  0xa0001af8        0x0 c:/program files (x86)/microchip/xc32/v1.31/bin/../lib/gcc/pic32mx/4.5.2/../../../../pic32mx/lib\libmchp_peripheral_32MX250F128D.a(int_disable_interrupts_lib.o)
 .mdebug.abi32  0xa0001af8        0x0 c:/program files (x86)/microchip/xc32/v1.31/bin/../lib/gcc/pic32mx/4.5.2/../../../../pic32mx/lib\libmchp_peripheral_32MX250F128D.a(int_restore_interrupts_lib.o)
 .mdebug.abi32  0xa0001af8        0x0 c:/program files (x86)/microchip/xc32/v1.31/bin/../lib/gcc/pic32mx/4.5.2/../../../../pic32mx/lib\libmchp_peripheral_32MX250F128D.a(spi_chn_close_lib.o)
 .mdebug.abi32  0xa0001af8        0x0 c:/program files (x86)/microchip/xc32/v1.31/bin/../lib/gcc/pic32mx/4.5.2/../../../../pic32mx/lib\libmchp_peripheral_32MX250F128D.a(spi_chn_getc_lib.o)
 .mdebug.abi32  0xa0001af8        0x0 c:/program files (x86)/microchip/xc32/v1.31/bin/../lib/gcc/pic32mx/4.5.2/../../../../pic32mx/lib\libmchp_peripheral_32MX250F128D.a(spi_chn_open_lib.o)
 .mdebug.abi32  0xa0001af8        0x0 c:/program files (x86)/microchip/xc32/v1.31/bin/../lib/gcc/pic32mx/4.5.2/../../../../pic32mx/lib\libmchp_peripheral_32MX250F128D.a(spi_chn_putc_lib.o)
 .mdebug.abi32  0xa0001af8        0x0 c:/program files (x86)/microchip/xc32/v1.31/bin/../lib/gcc/pic32mx/4.5.2/../../../../pic32mx/lib\libmchp_peripheral_32MX250F128D.a(spi_chn_is_busy_lib.o)
 .mdebug.abi32  0xa0001af8        0x0 c:/program files (x86)/microchip/xc32/v1.31/bin/../lib/gcc/pic32mx/4.5.2/../../../../pic32mx/lib\libmchp_peripheral_32MX250F128D.a(spi_map_tbl_libp.o)
 .mdebug.abi32  0xa0001af8        0x0 c:/program files (x86)/microchip/xc32/v1.31/bin/../lib/gcc/pic32mx/4.5.2/../../../../pic32mx/lib\libmchp_peripheral_32MX250F128D.a(port_set_pins_digital_in_lib.o)
 .mdebug.abi32  0xa0001af8        0x0 c:/program files (x86)/microchip/xc32/v1.31/bin/../lib/gcc/pic32mx/4.5.2/../../../../pic32mx/lib\libmchp_peripheral_32MX250F128D.a(port_set_pins_digital_out_lib.o)
 .mdebug.abi32  0xa0001af8        0x0 c:/program files (x86)/microchip/xc32/v1.31/bin/../lib/gcc/pic32mx/4.5.2/../../../../pic32mx/lib\libmchp_peripheral_32MX250F128D.a(port_read_bits_lib.o)
 .mdebug.abi32  0xa0001af8        0x0 c:/program files (x86)/microchip/xc32/v1.31/bin/../lib/gcc/pic32mx/4.5.2/../../../../pic32mx/lib\libmchp_peripheral_32MX250F128D.a(port_clear_bits_lib.o)
 .mdebug.abi32  0xa0001af8        0x0 c:/program files (x86)/microchip/xc32/v1.31/bin/../lib/gcc/pic32mx/4.5.2/../../../../pic32mx/lib\libmchp_peripheral_32MX250F128D.a(port_set_bits_lib.o)
 .mdebug.abi32  0xa0001af8        0x0 c:/program files (x86)/microchip/xc32/v1.31/bin/../lib/gcc/pic32mx/4.5.2/../../../../pic32mx/lib\libmchp_peripheral_32MX250F128D.a(_ports_tbl_libp.o)
 .mdebug.abi32  0xa0001af8        0x0 c:/program files (x86)/microchip/xc32/v1.31/bin/../lib/gcc/pic32mx/4.5.2/../../../../pic32mx/lib\libmchp_peripheral_32MX250F128D.a(int_tbl_lib.o)
 .mdebug.abi32  0xa0001af8        0x0 c:/program files (x86)/microchip/xc32/v1.31/bin/../lib/gcc/pic32mx/4.5.2/../../../../pic32mx/lib\libpic32.a(default-bootstrap-exception-handler.o)
 .mdebug.abi32  0xa0001af8        0x0 c:/program files (x86)/microchip/xc32/v1.31/bin/../lib/gcc/pic32mx/4.5.2/../../../../pic32mx/lib\libpic32.a(default-on-reset.o)
 .mdebug.abi32  0xa0001af8        0x0 c:/program files (x86)/microchip/xc32/v1.31/bin/../lib/gcc/pic32mx/4.5.2/../../../../pic32mx/lib\libpic32.a(default-on-bootstrap.o)
 .mdebug.abi32  0xa0001af8        0x0 c:/program files (x86)/microchip/xc32/v1.31/bin/../lib/gcc/pic32mx/4.5.2/../../../../pic32mx/lib\libpic32.a(default-general-exception-handler.o)
 .mdebug.abi32  0xa0001af8        0x0 c:/program files (x86)/microchip/xc32/v1.31/bin/../lib/gcc/pic32mx/4.5.2/../../../../pic32mx/lib\libpic32.a(defaultinterrupt.o)
 .mdebug.abi32  0xa0001af8        0x0 c:/program files (x86)/microchip/xc32/v1.31/bin/../lib/gcc/pic32mx/4.5.2/../../../../pic32mx/lib\libc.a(sprintf_cdnopuxX.eo)
 .mdebug.abi32  0xa0001af8        0x0 c:/program files (x86)/microchip/xc32/v1.31/bin/../lib/gcc/pic32mx/4.5.2/../../../../pic32mx/lib\libc.a(doprnt_cdnopuxX.eo)
 .mdebug.abi32  0xa0001af8        0x0 c:/program files (x86)/microchip/xc32/v1.31/bin/../lib/gcc/pic32mx/4.5.2/../../../../pic32mx/lib\libc.a(_fputc_simple.o)
 .mdebug.abi32  0xa0001af8        0x0 c:/program files (x86)/microchip/xc32/v1.31/bin/../lib/gcc/pic32mx/4.5.2/../../../../pic32mx/lib\libc.a(ctype.o)
 .mdebug.abi32  0xa0001af8        0x0 c:/program files (x86)/microchip/xc32/v1.31/bin/../lib/gcc/pic32mx/4.5.2/../../../../pic32mx/lib\libc.a(_iob.o)
 .mdebug.abi32  0xa0001af8        0x0 c:/program files (x86)/microchip/xc32/v1.31/bin/../lib/gcc/pic32mx/4.5.2/../../../../pic32mx/lib\libc.a(_flsbuf_simple.o)
 .mdebug.abi32  0xa0001af8        0x0 c:/program files (x86)/microchip/xc32/v1.31/bin/../lib/gcc/pic32mx/4.5.2/../../../../pic32mx/lib\libpic32.a(write.o)
 .mdebug.abi32  0xa0001af8        0x0 c:/program files (x86)/microchip/xc32/v1.31/bin/../lib/gcc/pic32mx/4.5.2/../../../../pic32mx/lib\libpic32.a(_mon_putc.o)
 .mdebug.abi32  0xa0001af8        0x0 c:/program files (x86)/microchip/xc32/v1.31/bin/../lib/gcc/pic32mx/4.5.2/../../../../pic32mx/lib\libpic32.a(xc32_uart.o)
 .mdebug.abi32  0xa0001af8        0x0 c:/program files (x86)/microchip/xc32/v1.31/bin/../lib/gcc/pic32mx/4.5.2\libgcc.a(_udivdi3.o)
 .mdebug.abi32  0xa0001af8        0x0 c:/program files (x86)/microchip/xc32/v1.31/bin/../lib/gcc/pic32mx/4.5.2\libgcc.a(_umoddi3.o)
 .mdebug.abi32  0xa0001af8        0x0 c:/program files (x86)/microchip/xc32/v1.31/bin/../lib/gcc/pic32mx/4.5.2/../../../../pic32mx/lib\software-debug-break.o

.mdebug.abiN32
 *(.mdebug.abiN32)

.mdebug.abi64
 *(.mdebug.abi64)

.mdebug.abiO64
 *(.mdebug.abiO64)

.mdebug.eabi32
 *(.mdebug.eabi32)

.mdebug.eabi64
 *(.mdebug.eabi64)

.gcc_compiled_long32
 *(.gcc_compiled_long32)

.gcc_compiled_long64
 *(.gcc_compiled_long64)

.stab
 *(.stab)

.stabstr
 *(.stabstr)

.stab.excl
 *(.stab.excl)

.stab.exclstr
 *(.stab.exclstr)

.stab.index
 *(.stab.index)

.stab.indexstr
 *(.stab.indexstr)

.comment        0x00000000      0x102
 *(.comment)
 .comment       0x00000000       0x3c build/default/debug/main.o
                                 0x3d (size before relaxing)
 .comment       0x00000000       0x3d build/default/debug/spi2.o
 .comment       0x00000000       0x3d build/default/debug/RA8875.o
 .comment       0x00000000       0x3d build/default/debug/ft5206.o
 .comment       0x00000000       0x3d build/default/debug/mmc_pic24f.o
 .comment       0x00000000       0x3d build/default/debug/ff.o
 .comment       0x0000003c       0x3c c:/program files (x86)/microchip/xc32/v1.31/bin/../lib/gcc/pic32mx/4.5.2/../../../../pic32mx/lib\libmchp_peripheral_32MX250F128D.a(osc_config_lib.o)
                                 0x3d (size before relaxing)
 .comment       0x00000000       0x3d c:/program files (x86)/microchip/xc32/v1.31/bin/../lib/gcc/pic32mx/4.5.2/../../../../pic32mx/lib\libmchp_peripheral_32MX250F128D.a(int_disable_interrupts_lib.o)
 .comment       0x00000000       0x3d c:/program files (x86)/microchip/xc32/v1.31/bin/../lib/gcc/pic32mx/4.5.2/../../../../pic32mx/lib\libmchp_peripheral_32MX250F128D.a(int_restore_interrupts_lib.o)
 .comment       0x00000000       0x3d c:/program files (x86)/microchip/xc32/v1.31/bin/../lib/gcc/pic32mx/4.5.2/../../../../pic32mx/lib\libmchp_peripheral_32MX250F128D.a(spi_chn_close_lib.o)
 .comment       0x00000000       0x3d c:/program files (x86)/microchip/xc32/v1.31/bin/../lib/gcc/pic32mx/4.5.2/../../../../pic32mx/lib\libmchp_peripheral_32MX250F128D.a(spi_chn_getc_lib.o)
 .comment       0x00000000       0x3d c:/program files (x86)/microchip/xc32/v1.31/bin/../lib/gcc/pic32mx/4.5.2/../../../../pic32mx/lib\libmchp_peripheral_32MX250F128D.a(spi_chn_open_lib.o)
 .comment       0x00000000       0x3d c:/program files (x86)/microchip/xc32/v1.31/bin/../lib/gcc/pic32mx/4.5.2/../../../../pic32mx/lib\libmchp_peripheral_32MX250F128D.a(spi_chn_putc_lib.o)
 .comment       0x00000000       0x3d c:/program files (x86)/microchip/xc32/v1.31/bin/../lib/gcc/pic32mx/4.5.2/../../../../pic32mx/lib\libmchp_peripheral_32MX250F128D.a(spi_chn_is_busy_lib.o)
 .comment       0x00000000       0x3d c:/program files (x86)/microchip/xc32/v1.31/bin/../lib/gcc/pic32mx/4.5.2/../../../../pic32mx/lib\libmchp_peripheral_32MX250F128D.a(spi_map_tbl_libp.o)
 .comment       0x00000000       0x3d c:/program files (x86)/microchip/xc32/v1.31/bin/../lib/gcc/pic32mx/4.5.2/../../../../pic32mx/lib\libmchp_peripheral_32MX250F128D.a(port_set_pins_digital_in_lib.o)
 .comment       0x00000000       0x3d c:/program files (x86)/microchip/xc32/v1.31/bin/../lib/gcc/pic32mx/4.5.2/../../../../pic32mx/lib\libmchp_peripheral_32MX250F128D.a(port_set_pins_digital_out_lib.o)
 .comment       0x00000000       0x3d c:/program files (x86)/microchip/xc32/v1.31/bin/../lib/gcc/pic32mx/4.5.2/../../../../pic32mx/lib\libmchp_peripheral_32MX250F128D.a(port_read_bits_lib.o)
 .comment       0x00000000       0x3d c:/program files (x86)/microchip/xc32/v1.31/bin/../lib/gcc/pic32mx/4.5.2/../../../../pic32mx/lib\libmchp_peripheral_32MX250F128D.a(port_clear_bits_lib.o)
 .comment       0x00000000       0x3d c:/program files (x86)/microchip/xc32/v1.31/bin/../lib/gcc/pic32mx/4.5.2/../../../../pic32mx/lib\libmchp_peripheral_32MX250F128D.a(port_set_bits_lib.o)
 .comment       0x00000000       0x3d c:/program files (x86)/microchip/xc32/v1.31/bin/../lib/gcc/pic32mx/4.5.2/../../../../pic32mx/lib\libmchp_peripheral_32MX250F128D.a(_ports_tbl_libp.o)
 .comment       0x00000000       0x3d c:/program files (x86)/microchip/xc32/v1.31/bin/../lib/gcc/pic32mx/4.5.2/../../../../pic32mx/lib\libmchp_peripheral_32MX250F128D.a(int_tbl_lib.o)
 .comment       0x00000078       0x3c c:/program files (x86)/microchip/xc32/v1.31/bin/../lib/gcc/pic32mx/4.5.2/../../../../pic32mx/lib\libpic32.a(default-bootstrap-exception-handler.o)
                                 0x3d (size before relaxing)
 .comment       0x00000000       0x3d c:/program files (x86)/microchip/xc32/v1.31/bin/../lib/gcc/pic32mx/4.5.2/../../../../pic32mx/lib\libpic32.a(default-on-reset.o)
 .comment       0x00000000       0x3d c:/program files (x86)/microchip/xc32/v1.31/bin/../lib/gcc/pic32mx/4.5.2/../../../../pic32mx/lib\libpic32.a(default-on-bootstrap.o)
 .comment       0x00000000       0x3d c:/program files (x86)/microchip/xc32/v1.31/bin/../lib/gcc/pic32mx/4.5.2/../../../../pic32mx/lib\libpic32.a(default-general-exception-handler.o)
 .comment       0x00000000       0x3d c:/program files (x86)/microchip/xc32/v1.31/bin/../lib/gcc/pic32mx/4.5.2/../../../../pic32mx/lib\libpic32.a(defaultinterrupt.o)
 .comment       0x00000000       0x3d c:/program files (x86)/microchip/xc32/v1.31/bin/../lib/gcc/pic32mx/4.5.2/../../../../pic32mx/lib\libc.a(sprintf_cdnopuxX.eo)
 .comment       0x00000000       0x3d c:/program files (x86)/microchip/xc32/v1.31/bin/../lib/gcc/pic32mx/4.5.2/../../../../pic32mx/lib\libc.a(doprnt_cdnopuxX.eo)
 .comment       0x00000000       0x3d c:/program files (x86)/microchip/xc32/v1.31/bin/../lib/gcc/pic32mx/4.5.2/../../../../pic32mx/lib\libc.a(_fputc_simple.o)
 .comment       0x000000b4       0x4e c:/program files (x86)/microchip/xc32/v1.31/bin/../lib/gcc/pic32mx/4.5.2/../../../../pic32mx/lib\libc.a(ctype.o)
                                 0x8b (size before relaxing)
 .comment       0x00000000       0x3d c:/program files (x86)/microchip/xc32/v1.31/bin/../lib/gcc/pic32mx/4.5.2/../../../../pic32mx/lib\libc.a(_iob.o)
 .comment       0x00000000       0x3d c:/program files (x86)/microchip/xc32/v1.31/bin/../lib/gcc/pic32mx/4.5.2/../../../../pic32mx/lib\libc.a(_flsbuf_simple.o)
 .comment       0x00000000       0x3d c:/program files (x86)/microchip/xc32/v1.31/bin/../lib/gcc/pic32mx/4.5.2/../../../../pic32mx/lib\libpic32.a(write.o)
 .comment       0x00000000       0x3d c:/program files (x86)/microchip/xc32/v1.31/bin/../lib/gcc/pic32mx/4.5.2/../../../../pic32mx/lib\libpic32.a(_mon_putc.o)
 .comment       0x00000000       0x3d c:/program files (x86)/microchip/xc32/v1.31/bin/../lib/gcc/pic32mx/4.5.2/../../../../pic32mx/lib\libpic32.a(xc32_uart.o)
 .comment       0x00000000       0x3d c:/program files (x86)/microchip/xc32/v1.31/bin/../lib/gcc/pic32mx/4.5.2\libgcc.a(_udivdi3.o)
 .comment       0x00000000       0x3d c:/program files (x86)/microchip/xc32/v1.31/bin/../lib/gcc/pic32mx/4.5.2\libgcc.a(_umoddi3.o)
 .comment       0x00000000       0x3d c:/program files (x86)/microchip/xc32/v1.31/bin/../lib/gcc/pic32mx/4.5.2/../../../../pic32mx/lib\software-debug-break.o

.debug
 *(.debug)

.line
 *(.line)

.debug_srcinfo
 *(.debug_srcinfo)

.debug_sfnames
 *(.debug_sfnames)

.debug_aranges  0x00000000      0x498
 *(.debug_aranges)
 .debug_aranges
                0x00000000       0x20 build/default/debug/main.o
 .debug_aranges
                0x00000020       0x20 build/default/debug/spi2.o
 .debug_aranges
                0x00000040       0x20 build/default/debug/RA8875.o
 .debug_aranges
                0x00000060       0x20 build/default/debug/ft5206.o
 .debug_aranges
                0x00000080       0x20 build/default/debug/mmc_pic24f.o
 .debug_aranges
                0x000000a0       0x20 build/default/debug/ff.o
 .debug_aranges
                0x000000c0       0x20 c:/program files (x86)/microchip/xc32/v1.31/bin/../lib/gcc/pic32mx/4.5.2/../../../../pic32mx/lib\libmchp_peripheral_32MX250F128D.a(osc_config_lib.o)
 .debug_aranges
                0x000000e0       0x20 c:/program files (x86)/microchip/xc32/v1.31/bin/../lib/gcc/pic32mx/4.5.2/../../../../pic32mx/lib\libmchp_peripheral_32MX250F128D.a(int_disable_interrupts_lib.o)
 .debug_aranges
                0x00000100       0x20 c:/program files (x86)/microchip/xc32/v1.31/bin/../lib/gcc/pic32mx/4.5.2/../../../../pic32mx/lib\libmchp_peripheral_32MX250F128D.a(int_restore_interrupts_lib.o)
 .debug_aranges
                0x00000120       0x20 c:/program files (x86)/microchip/xc32/v1.31/bin/../lib/gcc/pic32mx/4.5.2/../../../../pic32mx/lib\libmchp_peripheral_32MX250F128D.a(spi_chn_close_lib.o)
 .debug_aranges
                0x00000140       0x28 c:/program files (x86)/microchip/xc32/v1.31/bin/../lib/gcc/pic32mx/4.5.2/../../../../pic32mx/lib\libmchp_peripheral_32MX250F128D.a(spi_chn_getc_lib.o)
 .debug_aranges
                0x00000168       0x20 c:/program files (x86)/microchip/xc32/v1.31/bin/../lib/gcc/pic32mx/4.5.2/../../../../pic32mx/lib\libmchp_peripheral_32MX250F128D.a(spi_chn_open_lib.o)
 .debug_aranges
                0x00000188       0x30 c:/program files (x86)/microchip/xc32/v1.31/bin/../lib/gcc/pic32mx/4.5.2/../../../../pic32mx/lib\libmchp_peripheral_32MX250F128D.a(spi_chn_putc_lib.o)
 .debug_aranges
                0x000001b8       0x20 c:/program files (x86)/microchip/xc32/v1.31/bin/../lib/gcc/pic32mx/4.5.2/../../../../pic32mx/lib\libmchp_peripheral_32MX250F128D.a(spi_chn_is_busy_lib.o)
 .debug_aranges
                0x000001d8       0x20 c:/program files (x86)/microchip/xc32/v1.31/bin/../lib/gcc/pic32mx/4.5.2/../../../../pic32mx/lib\libmchp_peripheral_32MX250F128D.a(port_set_pins_digital_in_lib.o)
 .debug_aranges
                0x000001f8       0x20 c:/program files (x86)/microchip/xc32/v1.31/bin/../lib/gcc/pic32mx/4.5.2/../../../../pic32mx/lib\libmchp_peripheral_32MX250F128D.a(port_set_pins_digital_out_lib.o)
 .debug_aranges
                0x00000218       0x20 c:/program files (x86)/microchip/xc32/v1.31/bin/../lib/gcc/pic32mx/4.5.2/../../../../pic32mx/lib\libmchp_peripheral_32MX250F128D.a(port_read_bits_lib.o)
 .debug_aranges
                0x00000238       0x20 c:/program files (x86)/microchip/xc32/v1.31/bin/../lib/gcc/pic32mx/4.5.2/../../../../pic32mx/lib\libmchp_peripheral_32MX250F128D.a(port_clear_bits_lib.o)
 .debug_aranges
                0x00000258       0x20 c:/program files (x86)/microchip/xc32/v1.31/bin/../lib/gcc/pic32mx/4.5.2/../../../../pic32mx/lib\libmchp_peripheral_32MX250F128D.a(port_set_bits_lib.o)
 .debug_aranges
                0x00000278       0x60 c:/program files (x86)/microchip/xc32/v1.31/bin/../lib/gcc/pic32mx/4.5.2/../../../../pic32mx/lib\libmchp_peripheral_32MX250F128D.a(int_tbl_lib.o)
 .debug_aranges
                0x000002d8       0x20 c:/program files (x86)/microchip/xc32/v1.31/bin/../lib/gcc/pic32mx/4.5.2/../../../../pic32mx/lib\libpic32.a(default-bootstrap-exception-handler.o)
 .debug_aranges
                0x000002f8       0x20 c:/program files (x86)/microchip/xc32/v1.31/bin/../lib/gcc/pic32mx/4.5.2/../../../../pic32mx/lib\libpic32.a(default-on-reset.o)
 .debug_aranges
                0x00000318       0x20 c:/program files (x86)/microchip/xc32/v1.31/bin/../lib/gcc/pic32mx/4.5.2/../../../../pic32mx/lib\libpic32.a(default-on-bootstrap.o)
 .debug_aranges
                0x00000338       0x20 c:/program files (x86)/microchip/xc32/v1.31/bin/../lib/gcc/pic32mx/4.5.2/../../../../pic32mx/lib\libpic32.a(default-general-exception-handler.o)
 .debug_aranges
                0x00000358       0x20 c:/program files (x86)/microchip/xc32/v1.31/bin/../lib/gcc/pic32mx/4.5.2/../../../../pic32mx/lib\libpic32.a(defaultinterrupt.o)
 .debug_aranges
                0x00000378       0x20 c:/program files (x86)/microchip/xc32/v1.31/bin/../lib/gcc/pic32mx/4.5.2/../../../../pic32mx/lib\libc.a(sprintf_cdnopuxX.eo)
 .debug_aranges
                0x00000398       0x20 c:/program files (x86)/microchip/xc32/v1.31/bin/../lib/gcc/pic32mx/4.5.2/../../../../pic32mx/lib\libc.a(doprnt_cdnopuxX.eo)
 .debug_aranges
                0x000003b8       0x20 c:/program files (x86)/microchip/xc32/v1.31/bin/../lib/gcc/pic32mx/4.5.2/../../../../pic32mx/lib\libc.a(_fputc_simple.o)
 .debug_aranges
                0x000003d8       0x20 c:/program files (x86)/microchip/xc32/v1.31/bin/../lib/gcc/pic32mx/4.5.2/../../../../pic32mx/lib\libc.a(_flsbuf_simple.o)
 .debug_aranges
                0x000003f8       0x20 c:/program files (x86)/microchip/xc32/v1.31/bin/../lib/gcc/pic32mx/4.5.2/../../../../pic32mx/lib\libpic32.a(write.o)
 .debug_aranges
                0x00000418       0x20 c:/program files (x86)/microchip/xc32/v1.31/bin/../lib/gcc/pic32mx/4.5.2/../../../../pic32mx/lib\libpic32.a(_mon_putc.o)
 .debug_aranges
                0x00000438       0x20 c:/program files (x86)/microchip/xc32/v1.31/bin/../lib/gcc/pic32mx/4.5.2\libgcc.a(_udivdi3.o)
 .debug_aranges
                0x00000458       0x20 c:/program files (x86)/microchip/xc32/v1.31/bin/../lib/gcc/pic32mx/4.5.2\libgcc.a(_umoddi3.o)
 .debug_aranges
                0x00000478       0x20 c:/program files (x86)/microchip/xc32/v1.31/bin/../lib/gcc/pic32mx/4.5.2/../../../../pic32mx/lib\software-debug-break.o

.debug_pubnames
                0x00000000      0xefe
 *(.debug_pubnames)
 .debug_pubnames
                0x00000000      0x14d build/default/debug/main.o
 .debug_pubnames
                0x0000014d       0x8c build/default/debug/spi2.o
 .debug_pubnames
                0x000001d9      0x501 build/default/debug/RA8875.o
 .debug_pubnames
                0x000006da      0x171 build/default/debug/ft5206.o
 .debug_pubnames
                0x0000084b       0x75 build/default/debug/mmc_pic24f.o
 .debug_pubnames
                0x000008c0      0x15d build/default/debug/ff.o
 .debug_pubnames
                0x00000a1d       0x20 c:/program files (x86)/microchip/xc32/v1.31/bin/../lib/gcc/pic32mx/4.5.2/../../../../pic32mx/lib\libmchp_peripheral_32MX250F128D.a(osc_config_lib.o)
 .debug_pubnames
                0x00000a3d       0x2b c:/program files (x86)/microchip/xc32/v1.31/bin/../lib/gcc/pic32mx/4.5.2/../../../../pic32mx/lib\libmchp_peripheral_32MX250F128D.a(int_disable_interrupts_lib.o)
 .debug_pubnames
                0x00000a68       0x2b c:/program files (x86)/microchip/xc32/v1.31/bin/../lib/gcc/pic32mx/4.5.2/../../../../pic32mx/lib\libmchp_peripheral_32MX250F128D.a(int_restore_interrupts_lib.o)
 .debug_pubnames
                0x00000a93       0x22 c:/program files (x86)/microchip/xc32/v1.31/bin/../lib/gcc/pic32mx/4.5.2/../../../../pic32mx/lib\libmchp_peripheral_32MX250F128D.a(spi_chn_close_lib.o)
 .debug_pubnames
                0x00000ab5       0x31 c:/program files (x86)/microchip/xc32/v1.31/bin/../lib/gcc/pic32mx/4.5.2/../../../../pic32mx/lib\libmchp_peripheral_32MX250F128D.a(spi_chn_getc_lib.o)
 .debug_pubnames
                0x00000ae6       0x21 c:/program files (x86)/microchip/xc32/v1.31/bin/../lib/gcc/pic32mx/4.5.2/../../../../pic32mx/lib\libmchp_peripheral_32MX250F128D.a(spi_chn_open_lib.o)
 .debug_pubnames
                0x00000b07       0x43 c:/program files (x86)/microchip/xc32/v1.31/bin/../lib/gcc/pic32mx/4.5.2/../../../../pic32mx/lib\libmchp_peripheral_32MX250F128D.a(spi_chn_putc_lib.o)
 .debug_pubnames
                0x00000b4a       0x23 c:/program files (x86)/microchip/xc32/v1.31/bin/../lib/gcc/pic32mx/4.5.2/../../../../pic32mx/lib\libmchp_peripheral_32MX250F128D.a(spi_chn_is_busy_lib.o)
 .debug_pubnames
                0x00000b6d       0x2b c:/program files (x86)/microchip/xc32/v1.31/bin/../lib/gcc/pic32mx/4.5.2/../../../../pic32mx/lib\libmchp_peripheral_32MX250F128D.a(port_set_pins_digital_in_lib.o)
 .debug_pubnames
                0x00000b98       0x2c c:/program files (x86)/microchip/xc32/v1.31/bin/../lib/gcc/pic32mx/4.5.2/../../../../pic32mx/lib\libmchp_peripheral_32MX250F128D.a(port_set_pins_digital_out_lib.o)
 .debug_pubnames
                0x00000bc4       0x23 c:/program files (x86)/microchip/xc32/v1.31/bin/../lib/gcc/pic32mx/4.5.2/../../../../pic32mx/lib\libmchp_peripheral_32MX250F128D.a(port_read_bits_lib.o)
 .debug_pubnames
                0x00000be7       0x24 c:/program files (x86)/microchip/xc32/v1.31/bin/../lib/gcc/pic32mx/4.5.2/../../../../pic32mx/lib\libmchp_peripheral_32MX250F128D.a(port_clear_bits_lib.o)
 .debug_pubnames
                0x00000c0b       0x22 c:/program files (x86)/microchip/xc32/v1.31/bin/../lib/gcc/pic32mx/4.5.2/../../../../pic32mx/lib\libmchp_peripheral_32MX250F128D.a(port_set_bits_lib.o)
 .debug_pubnames
                0x00000c2d       0xca c:/program files (x86)/microchip/xc32/v1.31/bin/../lib/gcc/pic32mx/4.5.2/../../../../pic32mx/lib\libmchp_peripheral_32MX250F128D.a(int_tbl_lib.o)
 .debug_pubnames
                0x00000cf7       0x33 c:/program files (x86)/microchip/xc32/v1.31/bin/../lib/gcc/pic32mx/4.5.2/../../../../pic32mx/lib\libpic32.a(default-bootstrap-exception-handler.o)
 .debug_pubnames
                0x00000d2a       0x20 c:/program files (x86)/microchip/xc32/v1.31/bin/../lib/gcc/pic32mx/4.5.2/../../../../pic32mx/lib\libpic32.a(default-on-reset.o)
 .debug_pubnames
                0x00000d4a       0x24 c:/program files (x86)/microchip/xc32/v1.31/bin/../lib/gcc/pic32mx/4.5.2/../../../../pic32mx/lib\libpic32.a(default-on-bootstrap.o)
 .debug_pubnames
                0x00000d6e       0x31 c:/program files (x86)/microchip/xc32/v1.31/bin/../lib/gcc/pic32mx/4.5.2/../../../../pic32mx/lib\libpic32.a(default-general-exception-handler.o)
 .debug_pubnames
                0x00000d9f       0x28 c:/program files (x86)/microchip/xc32/v1.31/bin/../lib/gcc/pic32mx/4.5.2/../../../../pic32mx/lib\libpic32.a(defaultinterrupt.o)
 .debug_pubnames
                0x00000dc7       0x28 c:/program files (x86)/microchip/xc32/v1.31/bin/../lib/gcc/pic32mx/4.5.2/../../../../pic32mx/lib\libc.a(sprintf_cdnopuxX.eo)
 .debug_pubnames
                0x00000def       0x29 c:/program files (x86)/microchip/xc32/v1.31/bin/../lib/gcc/pic32mx/4.5.2/../../../../pic32mx/lib\libc.a(doprnt_cdnopuxX.eo)
 .debug_pubnames
                0x00000e18       0x1c c:/program files (x86)/microchip/xc32/v1.31/bin/../lib/gcc/pic32mx/4.5.2/../../../../pic32mx/lib\libc.a(_fputc_simple.o)
 .debug_pubnames
                0x00000e34       0x1e c:/program files (x86)/microchip/xc32/v1.31/bin/../lib/gcc/pic32mx/4.5.2/../../../../pic32mx/lib\libc.a(_flsbuf_simple.o)
 .debug_pubnames
                0x00000e52       0x1c c:/program files (x86)/microchip/xc32/v1.31/bin/../lib/gcc/pic32mx/4.5.2/../../../../pic32mx/lib\libpic32.a(write.o)
 .debug_pubnames
                0x00000e6e       0x20 c:/program files (x86)/microchip/xc32/v1.31/bin/../lib/gcc/pic32mx/4.5.2/../../../../pic32mx/lib\libpic32.a(_mon_putc.o)
 .debug_pubnames
                0x00000e8e       0x20 c:/program files (x86)/microchip/xc32/v1.31/bin/../lib/gcc/pic32mx/4.5.2\libgcc.a(_udivdi3.o)
 .debug_pubnames
                0x00000eae       0x20 c:/program files (x86)/microchip/xc32/v1.31/bin/../lib/gcc/pic32mx/4.5.2\libgcc.a(_umoddi3.o)
 .debug_pubnames
                0x00000ece       0x30 c:/program files (x86)/microchip/xc32/v1.31/bin/../lib/gcc/pic32mx/4.5.2/../../../../pic32mx/lib\software-debug-break.o

.debug_info     0x00000000     0xcf65
 *(.debug_info .gnu.linkonce.wi.*)
 .debug_info    0x00000000     0x1f84 build/default/debug/main.o
 .debug_info    0x00001f84     0x145b build/default/debug/spi2.o
 .debug_info    0x000033df     0x2939 build/default/debug/RA8875.o
 .debug_info    0x00005d18     0x19c3 build/default/debug/ft5206.o
 .debug_info    0x000076db     0x154f build/default/debug/mmc_pic24f.o
 .debug_info    0x00008c2a     0x2067 build/default/debug/ff.o
 .debug_info    0x0000ac91       0xc0 c:/program files (x86)/microchip/xc32/v1.31/bin/../lib/gcc/pic32mx/4.5.2/../../../../pic32mx/lib\libmchp_peripheral_32MX250F128D.a(osc_config_lib.o)
 .debug_info    0x0000ad51       0xb6 c:/program files (x86)/microchip/xc32/v1.31/bin/../lib/gcc/pic32mx/4.5.2/../../../../pic32mx/lib\libmchp_peripheral_32MX250F128D.a(int_disable_interrupts_lib.o)
 .debug_info    0x0000ae07       0xb6 c:/program files (x86)/microchip/xc32/v1.31/bin/../lib/gcc/pic32mx/4.5.2/../../../../pic32mx/lib\libmchp_peripheral_32MX250F128D.a(int_restore_interrupts_lib.o)
 .debug_info    0x0000aebd       0xa4 c:/program files (x86)/microchip/xc32/v1.31/bin/../lib/gcc/pic32mx/4.5.2/../../../../pic32mx/lib\libmchp_peripheral_32MX250F128D.a(spi_chn_close_lib.o)
 .debug_info    0x0000af61       0xcf c:/program files (x86)/microchip/xc32/v1.31/bin/../lib/gcc/pic32mx/4.5.2/../../../../pic32mx/lib\libmchp_peripheral_32MX250F128D.a(spi_chn_getc_lib.o)
 .debug_info    0x0000b030       0xa2 c:/program files (x86)/microchip/xc32/v1.31/bin/../lib/gcc/pic32mx/4.5.2/../../../../pic32mx/lib\libmchp_peripheral_32MX250F128D.a(spi_chn_open_lib.o)
 .debug_info    0x0000b0d2       0xeb c:/program files (x86)/microchip/xc32/v1.31/bin/../lib/gcc/pic32mx/4.5.2/../../../../pic32mx/lib\libmchp_peripheral_32MX250F128D.a(spi_chn_putc_lib.o)
 .debug_info    0x0000b1bd       0xa7 c:/program files (x86)/microchip/xc32/v1.31/bin/../lib/gcc/pic32mx/4.5.2/../../../../pic32mx/lib\libmchp_peripheral_32MX250F128D.a(spi_chn_is_busy_lib.o)
 .debug_info    0x0000b264        0x0 c:/program files (x86)/microchip/xc32/v1.31/bin/../lib/gcc/pic32mx/4.5.2/../../../../pic32mx/lib\libmchp_peripheral_32MX250F128D.a(spi_map_tbl_libp.o)
 .debug_info    0x0000b264       0xba c:/program files (x86)/microchip/xc32/v1.31/bin/../lib/gcc/pic32mx/4.5.2/../../../../pic32mx/lib\libmchp_peripheral_32MX250F128D.a(port_set_pins_digital_in_lib.o)
 .debug_info    0x0000b31e       0xbc c:/program files (x86)/microchip/xc32/v1.31/bin/../lib/gcc/pic32mx/4.5.2/../../../../pic32mx/lib\libmchp_peripheral_32MX250F128D.a(port_set_pins_digital_out_lib.o)
 .debug_info    0x0000b3da       0xa8 c:/program files (x86)/microchip/xc32/v1.31/bin/../lib/gcc/pic32mx/4.5.2/../../../../pic32mx/lib\libmchp_peripheral_32MX250F128D.a(port_read_bits_lib.o)
 .debug_info    0x0000b482       0xaa c:/program files (x86)/microchip/xc32/v1.31/bin/../lib/gcc/pic32mx/4.5.2/../../../../pic32mx/lib\libmchp_peripheral_32MX250F128D.a(port_clear_bits_lib.o)
 .debug_info    0x0000b52c       0xa6 c:/program files (x86)/microchip/xc32/v1.31/bin/../lib/gcc/pic32mx/4.5.2/../../../../pic32mx/lib\libmchp_peripheral_32MX250F128D.a(port_set_bits_lib.o)
 .debug_info    0x0000b5d2        0x0 c:/program files (x86)/microchip/xc32/v1.31/bin/../lib/gcc/pic32mx/4.5.2/../../../../pic32mx/lib\libmchp_peripheral_32MX250F128D.a(_ports_tbl_libp.o)
 .debug_info    0x0000b5d2      0x196 c:/program files (x86)/microchip/xc32/v1.31/bin/../lib/gcc/pic32mx/4.5.2/../../../../pic32mx/lib\libmchp_peripheral_32MX250F128D.a(int_tbl_lib.o)
 .debug_info    0x0000b768       0xde c:/program files (x86)/microchip/xc32/v1.31/bin/../lib/gcc/pic32mx/4.5.2/../../../../pic32mx/lib\libpic32.a(default-bootstrap-exception-handler.o)
 .debug_info    0x0000b846       0xb8 c:/program files (x86)/microchip/xc32/v1.31/bin/../lib/gcc/pic32mx/4.5.2/../../../../pic32mx/lib\libpic32.a(default-on-reset.o)
 .debug_info    0x0000b8fe       0xc0 c:/program files (x86)/microchip/xc32/v1.31/bin/../lib/gcc/pic32mx/4.5.2/../../../../pic32mx/lib\libpic32.a(default-on-bootstrap.o)
 .debug_info    0x0000b9be       0xda c:/program files (x86)/microchip/xc32/v1.31/bin/../lib/gcc/pic32mx/4.5.2/../../../../pic32mx/lib\libpic32.a(default-general-exception-handler.o)
 .debug_info    0x0000ba98       0xd2 c:/program files (x86)/microchip/xc32/v1.31/bin/../lib/gcc/pic32mx/4.5.2/../../../../pic32mx/lib\libpic32.a(defaultinterrupt.o)
 .debug_info    0x0000bb6a       0xbd c:/program files (x86)/microchip/xc32/v1.31/bin/../lib/gcc/pic32mx/4.5.2/../../../../pic32mx/lib\libc.a(sprintf_cdnopuxX.eo)
 .debug_info    0x0000bc27       0xbe c:/program files (x86)/microchip/xc32/v1.31/bin/../lib/gcc/pic32mx/4.5.2/../../../../pic32mx/lib\libc.a(doprnt_cdnopuxX.eo)
 .debug_info    0x0000bce5       0xaf c:/program files (x86)/microchip/xc32/v1.31/bin/../lib/gcc/pic32mx/4.5.2/../../../../pic32mx/lib\libc.a(_fputc_simple.o)
 .debug_info    0x0000bd94        0x0 c:/program files (x86)/microchip/xc32/v1.31/bin/../lib/gcc/pic32mx/4.5.2/../../../../pic32mx/lib\libc.a(ctype.o)
 .debug_info    0x0000bd94        0x0 c:/program files (x86)/microchip/xc32/v1.31/bin/../lib/gcc/pic32mx/4.5.2/../../../../pic32mx/lib\libc.a(_iob.o)
 .debug_info    0x0000bd94       0xb2 c:/program files (x86)/microchip/xc32/v1.31/bin/../lib/gcc/pic32mx/4.5.2/../../../../pic32mx/lib\libc.a(_flsbuf_simple.o)
 .debug_info    0x0000be46       0xa9 c:/program files (x86)/microchip/xc32/v1.31/bin/../lib/gcc/pic32mx/4.5.2/../../../../pic32mx/lib\libpic32.a(write.o)
 .debug_info    0x0000beef       0xb1 c:/program files (x86)/microchip/xc32/v1.31/bin/../lib/gcc/pic32mx/4.5.2/../../../../pic32mx/lib\libpic32.a(_mon_putc.o)
 .debug_info    0x0000bfa0        0x0 c:/program files (x86)/microchip/xc32/v1.31/bin/../lib/gcc/pic32mx/4.5.2/../../../../pic32mx/lib\libpic32.a(xc32_uart.o)
 .debug_info    0x0000bfa0      0x75f c:/program files (x86)/microchip/xc32/v1.31/bin/../lib/gcc/pic32mx/4.5.2\libgcc.a(_udivdi3.o)
 .debug_info    0x0000c6ff      0x798 c:/program files (x86)/microchip/xc32/v1.31/bin/../lib/gcc/pic32mx/4.5.2\libgcc.a(_umoddi3.o)
 .debug_info    0x0000ce97       0xce c:/program files (x86)/microchip/xc32/v1.31/bin/../lib/gcc/pic32mx/4.5.2/../../../../pic32mx/lib\software-debug-break.o

.debug_abbrev   0x00000000     0x151e
 *(.debug_abbrev)
 .debug_abbrev  0x00000000      0x395 build/default/debug/main.o
 .debug_abbrev  0x00000395      0x1ff build/default/debug/spi2.o
 .debug_abbrev  0x00000594      0x2c6 build/default/debug/RA8875.o
 .debug_abbrev  0x0000085a      0x2e6 build/default/debug/ft5206.o
 .debug_abbrev  0x00000b40      0x240 build/default/debug/mmc_pic24f.o
 .debug_abbrev  0x00000d80      0x148 build/default/debug/ff.o
 .debug_abbrev  0x00000ec8       0x34 c:/program files (x86)/microchip/xc32/v1.31/bin/../lib/gcc/pic32mx/4.5.2/../../../../pic32mx/lib\libmchp_peripheral_32MX250F128D.a(osc_config_lib.o)
 .debug_abbrev  0x00000efc       0x25 c:/program files (x86)/microchip/xc32/v1.31/bin/../lib/gcc/pic32mx/4.5.2/../../../../pic32mx/lib\libmchp_peripheral_32MX250F128D.a(int_disable_interrupts_lib.o)
 .debug_abbrev  0x00000f21       0x25 c:/program files (x86)/microchip/xc32/v1.31/bin/../lib/gcc/pic32mx/4.5.2/../../../../pic32mx/lib\libmchp_peripheral_32MX250F128D.a(int_restore_interrupts_lib.o)
 .debug_abbrev  0x00000f46       0x25 c:/program files (x86)/microchip/xc32/v1.31/bin/../lib/gcc/pic32mx/4.5.2/../../../../pic32mx/lib\libmchp_peripheral_32MX250F128D.a(spi_chn_close_lib.o)
 .debug_abbrev  0x00000f6b       0x34 c:/program files (x86)/microchip/xc32/v1.31/bin/../lib/gcc/pic32mx/4.5.2/../../../../pic32mx/lib\libmchp_peripheral_32MX250F128D.a(spi_chn_getc_lib.o)
 .debug_abbrev  0x00000f9f       0x25 c:/program files (x86)/microchip/xc32/v1.31/bin/../lib/gcc/pic32mx/4.5.2/../../../../pic32mx/lib\libmchp_peripheral_32MX250F128D.a(spi_chn_open_lib.o)
 .debug_abbrev  0x00000fc4       0x34 c:/program files (x86)/microchip/xc32/v1.31/bin/../lib/gcc/pic32mx/4.5.2/../../../../pic32mx/lib\libmchp_peripheral_32MX250F128D.a(spi_chn_putc_lib.o)
 .debug_abbrev  0x00000ff8       0x25 c:/program files (x86)/microchip/xc32/v1.31/bin/../lib/gcc/pic32mx/4.5.2/../../../../pic32mx/lib\libmchp_peripheral_32MX250F128D.a(spi_chn_is_busy_lib.o)
 .debug_abbrev  0x0000101d        0x1 c:/program files (x86)/microchip/xc32/v1.31/bin/../lib/gcc/pic32mx/4.5.2/../../../../pic32mx/lib\libmchp_peripheral_32MX250F128D.a(spi_map_tbl_libp.o)
 .debug_abbrev  0x0000101e       0x25 c:/program files (x86)/microchip/xc32/v1.31/bin/../lib/gcc/pic32mx/4.5.2/../../../../pic32mx/lib\libmchp_peripheral_32MX250F128D.a(port_set_pins_digital_in_lib.o)
 .debug_abbrev  0x00001043       0x25 c:/program files (x86)/microchip/xc32/v1.31/bin/../lib/gcc/pic32mx/4.5.2/../../../../pic32mx/lib\libmchp_peripheral_32MX250F128D.a(port_set_pins_digital_out_lib.o)
 .debug_abbrev  0x00001068       0x25 c:/program files (x86)/microchip/xc32/v1.31/bin/../lib/gcc/pic32mx/4.5.2/../../../../pic32mx/lib\libmchp_peripheral_32MX250F128D.a(port_read_bits_lib.o)
 .debug_abbrev  0x0000108d       0x25 c:/program files (x86)/microchip/xc32/v1.31/bin/../lib/gcc/pic32mx/4.5.2/../../../../pic32mx/lib\libmchp_peripheral_32MX250F128D.a(port_clear_bits_lib.o)
 .debug_abbrev  0x000010b2       0x25 c:/program files (x86)/microchip/xc32/v1.31/bin/../lib/gcc/pic32mx/4.5.2/../../../../pic32mx/lib\libmchp_peripheral_32MX250F128D.a(port_set_bits_lib.o)
 .debug_abbrev  0x000010d7        0x1 c:/program files (x86)/microchip/xc32/v1.31/bin/../lib/gcc/pic32mx/4.5.2/../../../../pic32mx/lib\libmchp_peripheral_32MX250F128D.a(_ports_tbl_libp.o)
 .debug_abbrev  0x000010d8       0x25 c:/program files (x86)/microchip/xc32/v1.31/bin/../lib/gcc/pic32mx/4.5.2/../../../../pic32mx/lib\libmchp_peripheral_32MX250F128D.a(int_tbl_lib.o)
 .debug_abbrev  0x000010fd       0x23 c:/program files (x86)/microchip/xc32/v1.31/bin/../lib/gcc/pic32mx/4.5.2/../../../../pic32mx/lib\libpic32.a(default-bootstrap-exception-handler.o)
 .debug_abbrev  0x00001120       0x23 c:/program files (x86)/microchip/xc32/v1.31/bin/../lib/gcc/pic32mx/4.5.2/../../../../pic32mx/lib\libpic32.a(default-on-reset.o)
 .debug_abbrev  0x00001143       0x23 c:/program files (x86)/microchip/xc32/v1.31/bin/../lib/gcc/pic32mx/4.5.2/../../../../pic32mx/lib\libpic32.a(default-on-bootstrap.o)
 .debug_abbrev  0x00001166       0x23 c:/program files (x86)/microchip/xc32/v1.31/bin/../lib/gcc/pic32mx/4.5.2/../../../../pic32mx/lib\libpic32.a(default-general-exception-handler.o)
 .debug_abbrev  0x00001189       0x23 c:/program files (x86)/microchip/xc32/v1.31/bin/../lib/gcc/pic32mx/4.5.2/../../../../pic32mx/lib\libpic32.a(defaultinterrupt.o)
 .debug_abbrev  0x000011ac       0x23 c:/program files (x86)/microchip/xc32/v1.31/bin/../lib/gcc/pic32mx/4.5.2/../../../../pic32mx/lib\libc.a(sprintf_cdnopuxX.eo)
 .debug_abbrev  0x000011cf       0x23 c:/program files (x86)/microchip/xc32/v1.31/bin/../lib/gcc/pic32mx/4.5.2/../../../../pic32mx/lib\libc.a(doprnt_cdnopuxX.eo)
 .debug_abbrev  0x000011f2       0x23 c:/program files (x86)/microchip/xc32/v1.31/bin/../lib/gcc/pic32mx/4.5.2/../../../../pic32mx/lib\libc.a(_fputc_simple.o)
 .debug_abbrev  0x00001215        0x1 c:/program files (x86)/microchip/xc32/v1.31/bin/../lib/gcc/pic32mx/4.5.2/../../../../pic32mx/lib\libc.a(ctype.o)
 .debug_abbrev  0x00001216        0x1 c:/program files (x86)/microchip/xc32/v1.31/bin/../lib/gcc/pic32mx/4.5.2/../../../../pic32mx/lib\libc.a(_iob.o)
 .debug_abbrev  0x00001217       0x23 c:/program files (x86)/microchip/xc32/v1.31/bin/../lib/gcc/pic32mx/4.5.2/../../../../pic32mx/lib\libc.a(_flsbuf_simple.o)
 .debug_abbrev  0x0000123a       0x23 c:/program files (x86)/microchip/xc32/v1.31/bin/../lib/gcc/pic32mx/4.5.2/../../../../pic32mx/lib\libpic32.a(write.o)
 .debug_abbrev  0x0000125d       0x23 c:/program files (x86)/microchip/xc32/v1.31/bin/../lib/gcc/pic32mx/4.5.2/../../../../pic32mx/lib\libpic32.a(_mon_putc.o)
 .debug_abbrev  0x00001280        0x1 c:/program files (x86)/microchip/xc32/v1.31/bin/../lib/gcc/pic32mx/4.5.2/../../../../pic32mx/lib\libpic32.a(xc32_uart.o)
 .debug_abbrev  0x00001281      0x132 c:/program files (x86)/microchip/xc32/v1.31/bin/../lib/gcc/pic32mx/4.5.2\libgcc.a(_udivdi3.o)
 .debug_abbrev  0x000013b3      0x148 c:/program files (x86)/microchip/xc32/v1.31/bin/../lib/gcc/pic32mx/4.5.2\libgcc.a(_umoddi3.o)
 .debug_abbrev  0x000014fb       0x23 c:/program files (x86)/microchip/xc32/v1.31/bin/../lib/gcc/pic32mx/4.5.2/../../../../pic32mx/lib\software-debug-break.o

.debug_line     0x00000000     0x2a2e
 *(.debug_line)
 .debug_line    0x00000000      0x3a8 build/default/debug/main.o
 .debug_line    0x000003a8      0x1b4 build/default/debug/spi2.o
 .debug_line    0x0000055c      0x5e0 build/default/debug/RA8875.o
 .debug_line    0x00000b3c      0x2b3 build/default/debug/ft5206.o
 .debug_line    0x00000def      0x2b5 build/default/debug/mmc_pic24f.o
 .debug_line    0x000010a4      0xa5d build/default/debug/ff.o
 .debug_line    0x00001b01       0xb9 c:/program files (x86)/microchip/xc32/v1.31/bin/../lib/gcc/pic32mx/4.5.2/../../../../pic32mx/lib\libmchp_peripheral_32MX250F128D.a(osc_config_lib.o)
 .debug_line    0x00001bba       0x73 c:/program files (x86)/microchip/xc32/v1.31/bin/../lib/gcc/pic32mx/4.5.2/../../../../pic32mx/lib\libmchp_peripheral_32MX250F128D.a(int_disable_interrupts_lib.o)
 .debug_line    0x00001c2d       0x73 c:/program files (x86)/microchip/xc32/v1.31/bin/../lib/gcc/pic32mx/4.5.2/../../../../pic32mx/lib\libmchp_peripheral_32MX250F128D.a(int_restore_interrupts_lib.o)
 .debug_line    0x00001ca0       0x6a c:/program files (x86)/microchip/xc32/v1.31/bin/../lib/gcc/pic32mx/4.5.2/../../../../pic32mx/lib\libmchp_peripheral_32MX250F128D.a(spi_chn_close_lib.o)
 .debug_line    0x00001d0a       0x7b c:/program files (x86)/microchip/xc32/v1.31/bin/../lib/gcc/pic32mx/4.5.2/../../../../pic32mx/lib\libmchp_peripheral_32MX250F128D.a(spi_chn_getc_lib.o)
 .debug_line    0x00001d85       0x69 c:/program files (x86)/microchip/xc32/v1.31/bin/../lib/gcc/pic32mx/4.5.2/../../../../pic32mx/lib\libmchp_peripheral_32MX250F128D.a(spi_chn_open_lib.o)
 .debug_line    0x00001dee       0x7b c:/program files (x86)/microchip/xc32/v1.31/bin/../lib/gcc/pic32mx/4.5.2/../../../../pic32mx/lib\libmchp_peripheral_32MX250F128D.a(spi_chn_putc_lib.o)
 .debug_line    0x00001e69       0x6c c:/program files (x86)/microchip/xc32/v1.31/bin/../lib/gcc/pic32mx/4.5.2/../../../../pic32mx/lib\libmchp_peripheral_32MX250F128D.a(spi_chn_is_busy_lib.o)
 .debug_line    0x00001ed5        0x0 c:/program files (x86)/microchip/xc32/v1.31/bin/../lib/gcc/pic32mx/4.5.2/../../../../pic32mx/lib\libmchp_peripheral_32MX250F128D.a(spi_map_tbl_libp.o)
 .debug_line    0x00001ed5       0x77 c:/program files (x86)/microchip/xc32/v1.31/bin/../lib/gcc/pic32mx/4.5.2/../../../../pic32mx/lib\libmchp_peripheral_32MX250F128D.a(port_set_pins_digital_in_lib.o)
 .debug_line    0x00001f4c       0x78 c:/program files (x86)/microchip/xc32/v1.31/bin/../lib/gcc/pic32mx/4.5.2/../../../../pic32mx/lib\libmchp_peripheral_32MX250F128D.a(port_set_pins_digital_out_lib.o)
 .debug_line    0x00001fc4       0x6d c:/program files (x86)/microchip/xc32/v1.31/bin/../lib/gcc/pic32mx/4.5.2/../../../../pic32mx/lib\libmchp_peripheral_32MX250F128D.a(port_read_bits_lib.o)
 .debug_line    0x00002031       0x6e c:/program files (x86)/microchip/xc32/v1.31/bin/../lib/gcc/pic32mx/4.5.2/../../../../pic32mx/lib\libmchp_peripheral_32MX250F128D.a(port_clear_bits_lib.o)
 .debug_line    0x0000209f       0x6c c:/program files (x86)/microchip/xc32/v1.31/bin/../lib/gcc/pic32mx/4.5.2/../../../../pic32mx/lib\libmchp_peripheral_32MX250F128D.a(port_set_bits_lib.o)
 .debug_line    0x0000210b        0x0 c:/program files (x86)/microchip/xc32/v1.31/bin/../lib/gcc/pic32mx/4.5.2/../../../../pic32mx/lib\libmchp_peripheral_32MX250F128D.a(_ports_tbl_libp.o)
 .debug_line    0x0000210b       0x64 c:/program files (x86)/microchip/xc32/v1.31/bin/../lib/gcc/pic32mx/4.5.2/../../../../pic32mx/lib\libmchp_peripheral_32MX250F128D.a(int_tbl_lib.o)
 .debug_line    0x0000216f       0x97 c:/program files (x86)/microchip/xc32/v1.31/bin/../lib/gcc/pic32mx/4.5.2/../../../../pic32mx/lib\libpic32.a(default-bootstrap-exception-handler.o)
 .debug_line    0x00002206       0x84 c:/program files (x86)/microchip/xc32/v1.31/bin/../lib/gcc/pic32mx/4.5.2/../../../../pic32mx/lib\libpic32.a(default-on-reset.o)
 .debug_line    0x0000228a       0x88 c:/program files (x86)/microchip/xc32/v1.31/bin/../lib/gcc/pic32mx/4.5.2/../../../../pic32mx/lib\libpic32.a(default-on-bootstrap.o)
 .debug_line    0x00002312       0x95 c:/program files (x86)/microchip/xc32/v1.31/bin/../lib/gcc/pic32mx/4.5.2/../../../../pic32mx/lib\libpic32.a(default-general-exception-handler.o)
 .debug_line    0x000023a7       0x96 c:/program files (x86)/microchip/xc32/v1.31/bin/../lib/gcc/pic32mx/4.5.2/../../../../pic32mx/lib\libpic32.a(defaultinterrupt.o)
 .debug_line    0x0000243d       0x71 c:/program files (x86)/microchip/xc32/v1.31/bin/../lib/gcc/pic32mx/4.5.2/../../../../pic32mx/lib\libc.a(sprintf_cdnopuxX.eo)
 .debug_line    0x000024ae       0x70 c:/program files (x86)/microchip/xc32/v1.31/bin/../lib/gcc/pic32mx/4.5.2/../../../../pic32mx/lib\libc.a(doprnt_cdnopuxX.eo)
 .debug_line    0x0000251e       0x6f c:/program files (x86)/microchip/xc32/v1.31/bin/../lib/gcc/pic32mx/4.5.2/../../../../pic32mx/lib\libc.a(_fputc_simple.o)
 .debug_line    0x0000258d        0x0 c:/program files (x86)/microchip/xc32/v1.31/bin/../lib/gcc/pic32mx/4.5.2/../../../../pic32mx/lib\libc.a(ctype.o)
 .debug_line    0x0000258d        0x0 c:/program files (x86)/microchip/xc32/v1.31/bin/../lib/gcc/pic32mx/4.5.2/../../../../pic32mx/lib\libc.a(_iob.o)
 .debug_line    0x0000258d       0x70 c:/program files (x86)/microchip/xc32/v1.31/bin/../lib/gcc/pic32mx/4.5.2/../../../../pic32mx/lib\libc.a(_flsbuf_simple.o)
 .debug_line    0x000025fd       0x79 c:/program files (x86)/microchip/xc32/v1.31/bin/../lib/gcc/pic32mx/4.5.2/../../../../pic32mx/lib\libpic32.a(write.o)
 .debug_line    0x00002676       0x7d c:/program files (x86)/microchip/xc32/v1.31/bin/../lib/gcc/pic32mx/4.5.2/../../../../pic32mx/lib\libpic32.a(_mon_putc.o)
 .debug_line    0x000026f3        0x0 c:/program files (x86)/microchip/xc32/v1.31/bin/../lib/gcc/pic32mx/4.5.2/../../../../pic32mx/lib\libpic32.a(xc32_uart.o)
 .debug_line    0x000026f3      0x158 c:/program files (x86)/microchip/xc32/v1.31/bin/../lib/gcc/pic32mx/4.5.2\libgcc.a(_udivdi3.o)
 .debug_line    0x0000284b      0x159 c:/program files (x86)/microchip/xc32/v1.31/bin/../lib/gcc/pic32mx/4.5.2\libgcc.a(_umoddi3.o)
 .debug_line    0x000029a4       0x8a c:/program files (x86)/microchip/xc32/v1.31/bin/../lib/gcc/pic32mx/4.5.2/../../../../pic32mx/lib\software-debug-break.o

.debug_frame    0x00000000     0x1808
 *(.debug_frame)
 .debug_frame   0x00000000      0x144 build/default/debug/main.o
 .debug_frame   0x00000144       0xf0 build/default/debug/spi2.o
 .debug_frame   0x00000234      0x780 build/default/debug/RA8875.o
 .debug_frame   0x000009b4      0x240 build/default/debug/ft5206.o
 .debug_frame   0x00000bf4      0x1bc build/default/debug/mmc_pic24f.o
 .debug_frame   0x00000db0      0x5b0 build/default/debug/ff.o
 .debug_frame   0x00001360       0x30 c:/program files (x86)/microchip/xc32/v1.31/bin/../lib/gcc/pic32mx/4.5.2/../../../../pic32mx/lib\libmchp_peripheral_32MX250F128D.a(osc_config_lib.o)
 .debug_frame   0x00001390       0x20 c:/program files (x86)/microchip/xc32/v1.31/bin/../lib/gcc/pic32mx/4.5.2/../../../../pic32mx/lib\libmchp_peripheral_32MX250F128D.a(int_disable_interrupts_lib.o)
 .debug_frame   0x000013b0       0x20 c:/program files (x86)/microchip/xc32/v1.31/bin/../lib/gcc/pic32mx/4.5.2/../../../../pic32mx/lib\libmchp_peripheral_32MX250F128D.a(int_restore_interrupts_lib.o)
 .debug_frame   0x000013d0       0x28 c:/program files (x86)/microchip/xc32/v1.31/bin/../lib/gcc/pic32mx/4.5.2/../../../../pic32mx/lib\libmchp_peripheral_32MX250F128D.a(spi_chn_close_lib.o)
 .debug_frame   0x000013f8       0x30 c:/program files (x86)/microchip/xc32/v1.31/bin/../lib/gcc/pic32mx/4.5.2/../../../../pic32mx/lib\libmchp_peripheral_32MX250F128D.a(spi_chn_getc_lib.o)
 .debug_frame   0x00001428       0x30 c:/program files (x86)/microchip/xc32/v1.31/bin/../lib/gcc/pic32mx/4.5.2/../../../../pic32mx/lib\libmchp_peripheral_32MX250F128D.a(spi_chn_open_lib.o)
 .debug_frame   0x00001458       0x40 c:/program files (x86)/microchip/xc32/v1.31/bin/../lib/gcc/pic32mx/4.5.2/../../../../pic32mx/lib\libmchp_peripheral_32MX250F128D.a(spi_chn_putc_lib.o)
 .debug_frame   0x00001498       0x20 c:/program files (x86)/microchip/xc32/v1.31/bin/../lib/gcc/pic32mx/4.5.2/../../../../pic32mx/lib\libmchp_peripheral_32MX250F128D.a(spi_chn_is_busy_lib.o)
 .debug_frame   0x000014b8       0x20 c:/program files (x86)/microchip/xc32/v1.31/bin/../lib/gcc/pic32mx/4.5.2/../../../../pic32mx/lib\libmchp_peripheral_32MX250F128D.a(port_set_pins_digital_in_lib.o)
 .debug_frame   0x000014d8       0x20 c:/program files (x86)/microchip/xc32/v1.31/bin/../lib/gcc/pic32mx/4.5.2/../../../../pic32mx/lib\libmchp_peripheral_32MX250F128D.a(port_set_pins_digital_out_lib.o)
 .debug_frame   0x000014f8       0x20 c:/program files (x86)/microchip/xc32/v1.31/bin/../lib/gcc/pic32mx/4.5.2/../../../../pic32mx/lib\libmchp_peripheral_32MX250F128D.a(port_read_bits_lib.o)
 .debug_frame   0x00001518       0x20 c:/program files (x86)/microchip/xc32/v1.31/bin/../lib/gcc/pic32mx/4.5.2/../../../../pic32mx/lib\libmchp_peripheral_32MX250F128D.a(port_clear_bits_lib.o)
 .debug_frame   0x00001538       0x20 c:/program files (x86)/microchip/xc32/v1.31/bin/../lib/gcc/pic32mx/4.5.2/../../../../pic32mx/lib\libmchp_peripheral_32MX250F128D.a(port_set_bits_lib.o)
 .debug_frame   0x00001558       0xa0 c:/program files (x86)/microchip/xc32/v1.31/bin/../lib/gcc/pic32mx/4.5.2/../../../../pic32mx/lib\libmchp_peripheral_32MX250F128D.a(int_tbl_lib.o)
 .debug_frame   0x000015f8       0x28 c:/program files (x86)/microchip/xc32/v1.31/bin/../lib/gcc/pic32mx/4.5.2/../../../../pic32mx/lib\libpic32.a(default-bootstrap-exception-handler.o)
 .debug_frame   0x00001620       0x20 c:/program files (x86)/microchip/xc32/v1.31/bin/../lib/gcc/pic32mx/4.5.2/../../../../pic32mx/lib\libpic32.a(default-on-reset.o)
 .debug_frame   0x00001640       0x20 c:/program files (x86)/microchip/xc32/v1.31/bin/../lib/gcc/pic32mx/4.5.2/../../../../pic32mx/lib\libpic32.a(default-on-bootstrap.o)
 .debug_frame   0x00001660       0x28 c:/program files (x86)/microchip/xc32/v1.31/bin/../lib/gcc/pic32mx/4.5.2/../../../../pic32mx/lib\libpic32.a(default-general-exception-handler.o)
 .debug_frame   0x00001688       0x20 c:/program files (x86)/microchip/xc32/v1.31/bin/../lib/gcc/pic32mx/4.5.2/../../../../pic32mx/lib\libpic32.a(defaultinterrupt.o)
 .debug_frame   0x000016a8       0x2c c:/program files (x86)/microchip/xc32/v1.31/bin/../lib/gcc/pic32mx/4.5.2/../../../../pic32mx/lib\libc.a(sprintf_cdnopuxX.eo)
 .debug_frame   0x000016d4       0x38 c:/program files (x86)/microchip/xc32/v1.31/bin/../lib/gcc/pic32mx/4.5.2/../../../../pic32mx/lib\libc.a(doprnt_cdnopuxX.eo)
 .debug_frame   0x0000170c       0x2c c:/program files (x86)/microchip/xc32/v1.31/bin/../lib/gcc/pic32mx/4.5.2/../../../../pic32mx/lib\libc.a(_fputc_simple.o)
 .debug_frame   0x00001738       0x28 c:/program files (x86)/microchip/xc32/v1.31/bin/../lib/gcc/pic32mx/4.5.2/../../../../pic32mx/lib\libc.a(_flsbuf_simple.o)
 .debug_frame   0x00001760       0x28 c:/program files (x86)/microchip/xc32/v1.31/bin/../lib/gcc/pic32mx/4.5.2/../../../../pic32mx/lib\libpic32.a(write.o)
 .debug_frame   0x00001788       0x20 c:/program files (x86)/microchip/xc32/v1.31/bin/../lib/gcc/pic32mx/4.5.2/../../../../pic32mx/lib\libpic32.a(_mon_putc.o)
 .debug_frame   0x000017a8       0x20 c:/program files (x86)/microchip/xc32/v1.31/bin/../lib/gcc/pic32mx/4.5.2\libgcc.a(_udivdi3.o)
 .debug_frame   0x000017c8       0x20 c:/program files (x86)/microchip/xc32/v1.31/bin/../lib/gcc/pic32mx/4.5.2\libgcc.a(_umoddi3.o)
 .debug_frame   0x000017e8       0x20 c:/program files (x86)/microchip/xc32/v1.31/bin/../lib/gcc/pic32mx/4.5.2/../../../../pic32mx/lib\software-debug-break.o

.debug_str      0x00000000      0x55a
 *(.debug_str)
 .debug_str     0x00000000      0x13d build/default/debug/main.o
 .debug_str     0x0000013d       0xf6 build/default/debug/spi2.o
 .debug_str     0x00000233      0x11b build/default/debug/RA8875.o
 .debug_str     0x0000034e      0x111 build/default/debug/ft5206.o
 .debug_str     0x0000045f       0xec build/default/debug/mmc_pic24f.o
 .debug_str     0x0000054b        0xf build/default/debug/ff.o
 .debug_str     0x0000055a        0x0 c:/program files (x86)/microchip/xc32/v1.31/bin/../lib/gcc/pic32mx/4.5.2/../../../../pic32mx/lib\libmchp_peripheral_32MX250F128D.a(osc_config_lib.o)
 .debug_str     0x0000055a        0x0 c:/program files (x86)/microchip/xc32/v1.31/bin/../lib/gcc/pic32mx/4.5.2/../../../../pic32mx/lib\libmchp_peripheral_32MX250F128D.a(int_disable_interrupts_lib.o)
 .debug_str     0x0000055a        0x0 c:/program files (x86)/microchip/xc32/v1.31/bin/../lib/gcc/pic32mx/4.5.2/../../../../pic32mx/lib\libmchp_peripheral_32MX250F128D.a(int_restore_interrupts_lib.o)
 .debug_str     0x0000055a        0x0 c:/program files (x86)/microchip/xc32/v1.31/bin/../lib/gcc/pic32mx/4.5.2/../../../../pic32mx/lib\libmchp_peripheral_32MX250F128D.a(spi_chn_close_lib.o)
 .debug_str     0x0000055a        0x0 c:/program files (x86)/microchip/xc32/v1.31/bin/../lib/gcc/pic32mx/4.5.2/../../../../pic32mx/lib\libmchp_peripheral_32MX250F128D.a(spi_chn_getc_lib.o)
 .debug_str     0x0000055a        0x0 c:/program files (x86)/microchip/xc32/v1.31/bin/../lib/gcc/pic32mx/4.5.2/../../../../pic32mx/lib\libmchp_peripheral_32MX250F128D.a(spi_chn_open_lib.o)
 .debug_str     0x0000055a        0x0 c:/program files (x86)/microchip/xc32/v1.31/bin/../lib/gcc/pic32mx/4.5.2/../../../../pic32mx/lib\libmchp_peripheral_32MX250F128D.a(spi_chn_putc_lib.o)
 .debug_str     0x0000055a        0x0 c:/program files (x86)/microchip/xc32/v1.31/bin/../lib/gcc/pic32mx/4.5.2/../../../../pic32mx/lib\libmchp_peripheral_32MX250F128D.a(spi_chn_is_busy_lib.o)
 .debug_str     0x0000055a        0x0 c:/program files (x86)/microchip/xc32/v1.31/bin/../lib/gcc/pic32mx/4.5.2/../../../../pic32mx/lib\libmchp_peripheral_32MX250F128D.a(spi_map_tbl_libp.o)
 .debug_str     0x0000055a        0x0 c:/program files (x86)/microchip/xc32/v1.31/bin/../lib/gcc/pic32mx/4.5.2/../../../../pic32mx/lib\libmchp_peripheral_32MX250F128D.a(port_set_pins_digital_in_lib.o)
 .debug_str     0x0000055a        0x0 c:/program files (x86)/microchip/xc32/v1.31/bin/../lib/gcc/pic32mx/4.5.2/../../../../pic32mx/lib\libmchp_peripheral_32MX250F128D.a(port_set_pins_digital_out_lib.o)
 .debug_str     0x0000055a        0x0 c:/program files (x86)/microchip/xc32/v1.31/bin/../lib/gcc/pic32mx/4.5.2/../../../../pic32mx/lib\libmchp_peripheral_32MX250F128D.a(port_read_bits_lib.o)
 .debug_str     0x0000055a        0x0 c:/program files (x86)/microchip/xc32/v1.31/bin/../lib/gcc/pic32mx/4.5.2/../../../../pic32mx/lib\libmchp_peripheral_32MX250F128D.a(port_clear_bits_lib.o)
 .debug_str     0x0000055a        0x0 c:/program files (x86)/microchip/xc32/v1.31/bin/../lib/gcc/pic32mx/4.5.2/../../../../pic32mx/lib\libmchp_peripheral_32MX250F128D.a(port_set_bits_lib.o)
 .debug_str     0x0000055a        0x0 c:/program files (x86)/microchip/xc32/v1.31/bin/../lib/gcc/pic32mx/4.5.2/../../../../pic32mx/lib\libmchp_peripheral_32MX250F128D.a(_ports_tbl_libp.o)
 .debug_str     0x0000055a        0x0 c:/program files (x86)/microchip/xc32/v1.31/bin/../lib/gcc/pic32mx/4.5.2/../../../../pic32mx/lib\libmchp_peripheral_32MX250F128D.a(int_tbl_lib.o)
 .debug_str     0x0000055a        0x0 c:/program files (x86)/microchip/xc32/v1.31/bin/../lib/gcc/pic32mx/4.5.2/../../../../pic32mx/lib\libpic32.a(default-bootstrap-exception-handler.o)
 .debug_str     0x0000055a        0x0 c:/program files (x86)/microchip/xc32/v1.31/bin/../lib/gcc/pic32mx/4.5.2/../../../../pic32mx/lib\libpic32.a(default-on-reset.o)
 .debug_str     0x0000055a        0x0 c:/program files (x86)/microchip/xc32/v1.31/bin/../lib/gcc/pic32mx/4.5.2/../../../../pic32mx/lib\libpic32.a(default-on-bootstrap.o)
 .debug_str     0x0000055a        0x0 c:/program files (x86)/microchip/xc32/v1.31/bin/../lib/gcc/pic32mx/4.5.2/../../../../pic32mx/lib\libpic32.a(default-general-exception-handler.o)